Component: ARM Compiler 5.06 update 1 (build 61) Tool: armlink [4d35a8]

==============================================================================

Section Cross References

    startup_stm32f407xx.o(RESET) refers to startup_stm32f407xx.o(STACK) for __initial_sp
    startup_stm32f407xx.o(RESET) refers to startup_stm32f407xx.o(.text) for Reset_Handler
    startup_stm32f407xx.o(RESET) refers to stm32f4xx_it.o(i.NMI_Handler) for NMI_Handler
    startup_stm32f407xx.o(RESET) refers to stm32f4xx_it.o(i.HardFault_Handler) for HardFault_Handler
    startup_stm32f407xx.o(RESET) refers to stm32f4xx_it.o(i.MemManage_Handler) for MemManage_Handler
    startup_stm32f407xx.o(RESET) refers to stm32f4xx_it.o(i.BusFault_Handler) for BusFault_Handler
    startup_stm32f407xx.o(RESET) refers to stm32f4xx_it.o(i.UsageFault_Handler) for UsageFault_Handler
    startup_stm32f407xx.o(RESET) refers to port.o(.emb_text) for SVC_Handler
    startup_stm32f407xx.o(RESET) refers to stm32f4xx_it.o(i.DebugMon_Handler) for DebugMon_Handler
    startup_stm32f407xx.o(RESET) refers to stm32f4xx_it.o(i.SysTick_Handler) for SysTick_Handler
    startup_stm32f407xx.o(RESET) refers to stm32f4xx_it.o(i.CAN1_TX_IRQHandler) for CAN1_TX_IRQHandler
    startup_stm32f407xx.o(RESET) refers to stm32f4xx_it.o(i.CAN1_RX0_IRQHandler) for CAN1_RX0_IRQHandler
    startup_stm32f407xx.o(RESET) refers to stm32f4xx_it.o(i.CAN1_RX1_IRQHandler) for CAN1_RX1_IRQHandler
    startup_stm32f407xx.o(RESET) refers to stm32f4xx_it.o(i.CAN1_SCE_IRQHandler) for CAN1_SCE_IRQHandler
    startup_stm32f407xx.o(RESET) refers to stm32f4xx_it.o(i.EXTI9_5_IRQHandler) for EXTI9_5_IRQHandler
    startup_stm32f407xx.o(RESET) refers to stm32f4xx_it.o(i.TIM2_IRQHandler) for TIM2_IRQHandler
    startup_stm32f407xx.o(RESET) refers to stm32f4xx_it.o(i.USART1_IRQHandler) for USART1_IRQHandler
    startup_stm32f407xx.o(RESET) refers to stm32f4xx_it.o(i.USART2_IRQHandler) for USART2_IRQHandler
    startup_stm32f407xx.o(RESET) refers to stm32f4xx_it.o(i.EXTI15_10_IRQHandler) for EXTI15_10_IRQHandler
    startup_stm32f407xx.o(RESET) refers to stm32f4xx_it.o(i.UART4_IRQHandler) for UART4_IRQHandler
    startup_stm32f407xx.o(RESET) refers to stm32f4xx_it.o(i.CAN2_TX_IRQHandler) for CAN2_TX_IRQHandler
    startup_stm32f407xx.o(RESET) refers to stm32f4xx_it.o(i.CAN2_RX0_IRQHandler) for CAN2_RX0_IRQHandler
    startup_stm32f407xx.o(RESET) refers to stm32f4xx_it.o(i.CAN2_RX1_IRQHandler) for CAN2_RX1_IRQHandler
    startup_stm32f407xx.o(RESET) refers to stm32f4xx_it.o(i.CAN2_SCE_IRQHandler) for CAN2_SCE_IRQHandler
    startup_stm32f407xx.o(.text) refers to system_stm32f4xx.o(i.SystemInit) for SystemInit
    startup_stm32f407xx.o(.text) refers to entry.o(.ARM.Collect$$$$00000000) for __main
    mit.o(i.DM43_Init) refers to mit.o(i.DM43_control_cmd) for DM43_control_cmd
    mit.o(i.DM43_Init) refers to stm32f4xx_hal.o(i.HAL_Delay) for HAL_Delay
    mit.o(i.DM43_control_cmd) refers to stm32f4xx_hal_can.o(i.HAL_CAN_AddTxMessage) for HAL_CAN_AddTxMessage
    mit.o(i.DM43_control_cmd) refers to can.o(.bss) for hcan2
    mit.o(i.DM43_update_info) refers to mit.o(i.uint_to_float) for uint_to_float
    mit.o(i.DM43_update_info) refers to mit.o(.bss) for .bss
    mit.o(i.MOTOR_Speed_Control) refers to stm32f4xx_hal_can.o(i.HAL_CAN_AddTxMessage) for HAL_CAN_AddTxMessage
    mit.o(i.MOTOR_Speed_Control) refers to can.o(.bss) for hcan2
    mit.o(i.U8_control_cmd) refers to stm32f4xx_hal_can.o(i.HAL_CAN_AddTxMessage) for HAL_CAN_AddTxMessage
    mit.o(i.U8_control_cmd) refers to can.o(.bss) for hcan2
    mit.o(i.U8_init) refers to mit.o(i.U8_control_cmd) for U8_control_cmd
    mit.o(i.U8_init) refers to stm32f4xx_hal.o(i.HAL_Delay) for HAL_Delay
    mit.o(i.U8_update_info) refers to mit.o(i.uint_to_float) for uint_to_float
    mit.o(i.U8_update_info) refers to mit.o(.bss) for .bss
    mit.o(i.ctrl_motor2) refers to stm32f4xx_hal_can.o(i.HAL_CAN_AddTxMessage) for HAL_CAN_AddTxMessage
    mit.o(i.ctrl_motor2) refers to can.o(.bss) for hcan2
    main.o(i.SystemClock_Config) refers to memseta.o(.text) for __aeabi_memclr4
    main.o(i.SystemClock_Config) refers to stm32f4xx_hal_rcc.o(i.HAL_RCC_OscConfig) for HAL_RCC_OscConfig
    main.o(i.SystemClock_Config) refers to stm32f4xx_hal_rcc.o(i.HAL_RCC_ClockConfig) for HAL_RCC_ClockConfig
    main.o(i.main) refers to stm32f4xx_hal.o(i.HAL_Init) for HAL_Init
    main.o(i.main) refers to main.o(i.SystemClock_Config) for SystemClock_Config
    main.o(i.main) refers to gpio.o(i.MX_GPIO_Init) for MX_GPIO_Init
    main.o(i.main) refers to can.o(i.MX_CAN1_Init) for MX_CAN1_Init
    main.o(i.main) refers to can.o(i.MX_CAN2_Init) for MX_CAN2_Init
    main.o(i.main) refers to usart.o(i.MX_UART4_Init) for MX_UART4_Init
    main.o(i.main) refers to usart.o(i.MX_UART5_Init) for MX_UART5_Init
    main.o(i.main) refers to usart.o(i.MX_USART1_UART_Init) for MX_USART1_UART_Init
    main.o(i.main) refers to usart.o(i.MX_USART2_UART_Init) for MX_USART2_UART_Init
[...]
    __aeabi_memcpy                           0x080002e3   Thumb Code    36  memcpya.o(.text)
    __aeabi_memcpy4                          0x080002e3   Thumb Code     0  memcpya.o(.text)
    __aeabi_memcpy8                          0x080002e3   Thumb Code     0  memcpya.o(.text)
    __aeabi_memset                           0x08000307   Thumb Code    14  memseta.o(.text)
    __aeabi_memset4                          0x08000307   Thumb Code     0  memseta.o(.text)
    __aeabi_memset8                          0x08000307   Thumb Code     0  memseta.o(.text)
    __aeabi_memclr                           0x08000315   Thumb Code     4  memseta.o(.text)
    __aeabi_memclr4                          0x08000315   Thumb Code     0  memseta.o(.text)
    __aeabi_memclr8                          0x08000315   Thumb Code     0  memseta.o(.text)
    memset                                   0x08000319   Thumb Code    18  memseta.o(.text)
    __aeabi_dadd                             0x0800032b   Thumb Code   322  dadd.o(.text)
    __aeabi_dsub                             0x0800046d   Thumb Code     6  dadd.o(.text)
    __aeabi_drsub                            0x08000473   Thumb Code     6  dadd.o(.text)
    __aeabi_dmul                             0x08000479   Thumb Code   228  dmul.o(.text)
    __aeabi_ddiv                             0x0800055d   Thumb Code   222  ddiv.o(.text)
    __aeabi_f2d                              0x0800063b   Thumb Code    38  f2d.o(.text)
    __aeabi_d2f                              0x08000661   Thumb Code    56  d2f.o(.text)
    __aeabi_llsl                             0x08000699   Thumb Code    30  llshl.o(.text)
    _ll_shift_l                              0x08000699   Thumb Code     0  llshl.o(.text)
    __aeabi_llsr                             0x080006b7   Thumb Code    32  llushr.o(.text)
    _ll_ushift_r                             0x080006b7   Thumb Code     0  llushr.o(.text)
    __aeabi_lasr                             0x080006d7   Thumb Code    36  llsshr.o(.text)
    _ll_sshift_r                             0x080006d7   Thumb Code     0  llsshr.o(.text)
    __I$use$fp                               0x080006fb   Thumb Code     0  iusefp.o(.text)
    _float_round                             0x080006fb   Thumb Code    18  fepilogue.o(.text)
    _float_epilogue                          0x0800070d   Thumb Code    92  fepilogue.o(.text)
    _double_round                            0x08000769   Thumb Code    30  depilogue.o(.text)
    _double_epilogue                         0x08000787   Thumb Code   156  depilogue.o(.text)
    _dsqrt                                   0x08000823   Thumb Code   162  dsqrt.o(.text)
    __scatterload                            0x080008c5   Thumb Code    28  init.o(.text)
    __scatterload_rt2                        0x080008c5   Thumb Code     0  init.o(.text)
    __aeabi_i2d                              0x080008e9   Thumb Code    34  dflti.o(.text)
    __aeabi_ui2d                             0x0800090b   Thumb Code    26  dfltui.o(.text)
    __aeabi_d2iz                             0x08000925   Thumb Code    62  dfixi.o(.text)
    __decompress                             0x08000963   Thumb Code     0  __dczerorl.o(.text)
    __decompress0                            0x08000963   Thumb Code    58  __dczerorl.o(.text)
    AngleLimit                               0x0800099d   Thumb Code    70  movebase.o(i.AngleLimit)
    Auto                                     0x080009f5   Thumb Code    12  freertos.o(i.Auto)
    BusFault_Handler                         0x08000a01   Thumb Code     2  stm32f4xx_it.o(i.BusFault_Handler)
    CAN1_Filter_Init                         0x08000a05   Thumb Code    92  can.o(i.CAN1_Filter_Init)
    CAN1_RX0_IRQHandler                      0x08000a65   Thumb Code     6  stm32f4xx_it.o(i.CAN1_RX0_IRQHandler)
    CAN1_RX1_IRQHandler                      0x08000a71   Thumb Code     6  stm32f4xx_it.o(i.CAN1_RX1_IRQHandler)
    CAN1_SCE_IRQHandler                      0x08000a7d   Thumb Code     6  stm32f4xx_it.o(i.CAN1_SCE_IRQHandler)
    CAN1_TX_IRQHandler                       0x08000a89   Thumb Code     6  stm32f4xx_it.o(i.CAN1_TX_IRQHandler)
    CAN2_RX0_IRQHandler                      0x08000a95   Thumb Code     6  stm32f4xx_it.o(i.CAN2_RX0_IRQHandler)
    CAN2_RX1_IRQHandler                      0x08000aa1   Thumb Code     6  stm32f4xx_it.o(i.CAN2_RX1_IRQHandler)
    CAN2_SCE_IRQHandler                      0x08000aad   Thumb Code     6  stm32f4xx_it.o(i.CAN2_SCE_IRQHandler)
    CAN2_TX_IRQHandler                       0x08000ab9   Thumb Code     6  stm32f4xx_it.o(i.CAN2_TX_IRQHandler)
    CurrentCrl                               0x08000ac5   Thumb Code    20  moto.o(i.CurrentCrl)
    DM43_Init                                0x08000add   Thumb Code    34  mit.o(i.DM43_Init)
    DM43_control_cmd                         0x08000b01   Thumb Code    96  mit.o(i.DM43_control_cmd)
    DM43_update_info                         0x08000b65   Thumb Code   354  mit.o(i.DM43_update_info)
    DebugMon_Handler                         0x08000cd5   Thumb Code     2  stm32f4xx_it.o(i.DebugMon_Handler)
    EXTI15_10_IRQHandler                     0x08000cd7   Thumb Code    30  stm32f4xx_it.o(i.EXTI15_10_IRQHandler)
    EXTI9_5_IRQHandler                       0x08000cf5   Thumb Code     6  stm32f4xx_it.o(i.EXTI9_5_IRQHandler)
    Error_Handler                            0x08000cfb   Thumb Code     4  main.o(i.Error_Handler)
    FSM_Init                                 0x08000d01   Thumb Code    52  fsm.o(i.FSM_Init)
    HAL_CAN_ActivateNotification             0x08000d41   Thumb Code    36  stm32f4xx_hal_can.o(i.HAL_CAN_ActivateNotification)
    HAL_CAN_AddTxMessage                     0x08000d65   Thumb Code   200  stm32f4xx_hal_can.o(i.HAL_CAN_AddTxMessage)
    HAL_CAN_ConfigFilter                     0x08000e2d   Thumb Code   262  stm32f4xx_hal_can.o(i.HAL_CAN_ConfigFilter)
    HAL_CAN_ErrorCallback                    0x08000f39   Thumb Code     2  stm32f4xx_hal_can.o(i.HAL_CAN_ErrorCallback)
    HAL_CAN_GetRxMessage                     0x08000f3b   Thumb Code   232  stm32f4xx_hal_can.o(i.HAL_CAN_GetRxMessage)
    HAL_CAN_IRQHandler                       0x08001023   Thumb Code   508  stm32f4xx_hal_can.o(i.HAL_CAN_IRQHandler)
    HAL_CAN_Init                             0x0800121f   Thumb Code   282  stm32f4xx_hal_can.o(i.HAL_CAN_Init)
    HAL_CAN_MspInit                          0x08001339   Thumb Code   328  can.o(i.HAL_CAN_MspInit)
    HAL_CAN_RxFifo0FullCallback              0x08001499   Thumb Code     2  stm32f4xx_hal_can.o(i.HAL_CAN_RxFifo0FullCallback)
    HAL_CAN_RxFifo0MsgPendingCallback        0x0800149d   Thumb Code   126  can.o(i.HAL_CAN_RxFifo0MsgPendingCallback)
    HAL_CAN_RxFifo1FullCallback              0x08001529   Thumb Code     2  stm32f4xx_hal_can.o(i.HAL_CAN_RxFifo1FullCallback)
    HAL_CAN_RxFifo1MsgPendingCallback        0x0800152b   Thumb Code     2  stm32f4xx_hal_can.o(i.HAL_CAN_RxFifo1MsgPendingCallback)
    HAL_CAN_SleepCallback                    0x0800152d   Thumb Code     2  stm32f4xx_hal_can.o(i.HAL_CAN_SleepCallback)
    HAL_CAN_Start                            0x08001531   Thumb Code    88  stm32f4xx_hal_can.o(i.HAL_CAN_Start)
    HAL_CAN_TxMailbox0AbortCallback          0x08001589   Thumb Code     2  stm32f4xx_hal_can.o(i.HAL_CAN_TxMailbox0AbortCallback)
    HAL_CAN_TxMailbox0CompleteCallback       0x0800158b   Thumb Code     2  stm32f4xx_hal_can.o(i.HAL_CAN_TxMailbox0CompleteCallback)
    HAL_CAN_TxMailbox1AbortCallback          0x0800158d   Thumb Code     2  stm32f4xx_hal_can.o(i.HAL_CAN_TxMailbox1AbortCallback)
    HAL_CAN_TxMailbox1CompleteCallback       0x0800158f   Thumb Code     2  stm32f4xx_hal_can.o(i.HAL_CAN_TxMailbox1CompleteCallback)
    HAL_CAN_TxMailbox2AbortCallback          0x08001591   Thumb Code     2  stm32f4xx_hal_can.o(i.HAL_CAN_TxMailbox2AbortCallback)
    HAL_CAN_TxMailbox2CompleteCallback       0x08001593   Thumb Code     2  stm32f4xx_hal_can.o(i.HAL_CAN_TxMailbox2CompleteCallback)
    HAL_CAN_WakeUpFromRxMsgCallback          0x08001595   Thumb Code     2  stm32f4xx_hal_can.o(i.HAL_CAN_WakeUpFromRxMsgCallback)
    HAL_DMA_Abort                            0x08001597   Thumb Code   146  stm32f4xx_hal_dma.o(i.HAL_DMA_Abort)
    HAL_DMA_Abort_IT                         0x08001629   Thumb Code    36  stm32f4xx_hal_dma.o(i.HAL_DMA_Abort_IT)
    HAL_Delay                                0x0800164d   Thumb Code    32  stm32f4xx_hal.o(i.HAL_Delay)
    HAL_GPIO_EXTI_Callback                   0x08001671   Thumb Code   188  hareware.o(i.HAL_GPIO_EXTI_Callback)
    HAL_GPIO_EXTI_IRQHandler                 0x08001739   Thumb Code    18  stm32f4xx_hal_gpio.o(i.HAL_GPIO_EXTI_IRQHandler)
    HAL_GPIO_Init                            0x08001751   Thumb Code   450  stm32f4xx_hal_gpio.o(i.HAL_GPIO_Init)
    HAL_GPIO_ReadPin                         0x08001941   Thumb Code    10  stm32f4xx_hal_gpio.o(i.HAL_GPIO_ReadPin)
    HAL_GPIO_WritePin                        0x0800194b   Thumb Code    10  stm32f4xx_hal_gpio.o(i.HAL_GPIO_WritePin)
    HAL_GetTick                              0x08001955   Thumb Code     6  stm32f4xx_hal.o(i.HAL_GetTick)
    HAL_HalfDuplex_Init                      0x08001961   Thumb Code   108  stm32f4xx_hal_uart.o(i.HAL_HalfDuplex_Init)
    HAL_IncTick                              0x080019cd   Thumb Code    12  stm32f4xx_hal.o(i.HAL_IncTick)
    HAL_Init                                 0x080019dd   Thumb Code    48  stm32f4xx_hal.o(i.HAL_Init)
    HAL_InitTick                             0x08001a11   Thumb Code    54  stm32f4xx_hal.o(i.HAL_InitTick)
    HAL_MspInit                              0x08001a51   Thumb Code    52  stm32f4xx_hal_msp.o(i.HAL_MspInit)
    HAL_NVIC_EnableIRQ                       0x08001a89   Thumb Code    26  stm32f4xx_hal_cortex.o(i.HAL_NVIC_EnableIRQ)
    HAL_NVIC_SetPriority                     0x08001aa5   Thumb Code    60  stm32f4xx_hal_cortex.o(i.HAL_NVIC_SetPriority)
    HAL_NVIC_SetPriorityGrouping             0x08001ae5   Thumb Code    26  stm32f4xx_hal_cortex.o(i.HAL_NVIC_SetPriorityGrouping)
    HAL_RCC_ClockConfig                      0x08001b09   Thumb Code   288  stm32f4xx_hal_rcc.o(i.HAL_RCC_ClockConfig)
    HAL_RCC_GetPCLK1Freq                     0x08001c3d   Thumb Code    20  stm32f4xx_hal_rcc.o(i.HAL_RCC_GetPCLK1Freq)
    HAL_RCC_GetPCLK2Freq                     0x08001c5d   Thumb Code    20  stm32f4xx_hal_rcc.o(i.HAL_RCC_GetPCLK2Freq)
    HAL_RCC_GetSysClockFreq                  0x08001c7d   Thumb Code    88  stm32f4xx_hal_rcc.o(i.HAL_RCC_GetSysClockFreq)
    HAL_RCC_OscConfig                        0x08001cdd   Thumb Code   856  stm32f4xx_hal_rcc.o(i.HAL_RCC_OscConfig)
    HAL_SYSTICK_Config                       0x08002049   Thumb Code    40  stm32f4xx_hal_cortex.o(i.HAL_SYSTICK_Config)
    HAL_TIMEx_BreakCallback                  0x08002071   Thumb Code     2  stm32f4xx_hal_tim_ex.o(i.HAL_TIMEx_BreakCallback)
    HAL_TIMEx_CommutCallback                 0x08002073   Thumb Code     2  stm32f4xx_hal_tim_ex.o(i.HAL_TIMEx_CommutCallback)
    HAL_TIMEx_MasterConfigSynchronization    0x08002075   Thumb Code   116  stm32f4xx_hal_tim_ex.o(i.HAL_TIMEx_MasterConfigSynchronization)
    HAL_TIM_Base_Init                        0x08002105   Thumb Code    90  stm32f4xx_hal_tim.o(i.HAL_TIM_Base_Init)
    HAL_TIM_Base_MspInit                     0x08002161   Thumb Code    94  tim.o(i.HAL_TIM_Base_MspInit)
    HAL_TIM_Base_Start_IT                    0x080021cd   Thumb Code   100  stm32f4xx_hal_tim.o(i.HAL_TIM_Base_Start_IT)
    HAL_TIM_ConfigClockSource                0x0800224d   Thumb Code   220  stm32f4xx_hal_tim.o(i.HAL_TIM_ConfigClockSource)
    HAL_TIM_IC_CaptureCallback               0x08002329   Thumb Code     2  stm32f4xx_hal_tim.o(i.HAL_TIM_IC_CaptureCallback)
    HAL_TIM_IRQHandler                       0x0800232b   Thumb Code   358  stm32f4xx_hal_tim.o(i.HAL_TIM_IRQHandler)
    HAL_TIM_MspPostInit                      0x08002491   Thumb Code    96  tim.o(i.HAL_TIM_MspPostInit)
    HAL_TIM_OC_DelayElapsedCallback          0x08002501   Thumb Code     2  stm32f4xx_hal_tim.o(i.HAL_TIM_OC_DelayElapsedCallback)
    HAL_TIM_PWM_ConfigChannel                0x08002503   Thumb Code   204  stm32f4xx_hal_tim.o(i.HAL_TIM_PWM_ConfigChannel)
    HAL_TIM_PWM_Init                         0x080025cf   Thumb Code    90  stm32f4xx_hal_tim.o(i.HAL_TIM_PWM_Init)
    HAL_TIM_PWM_MspInit                      0x08002629   Thumb Code     2  stm32f4xx_hal_tim.o(i.HAL_TIM_PWM_MspInit)
    HAL_TIM_PWM_PulseFinishedCallback        0x0800262b   Thumb Code     2  stm32f4xx_hal_tim.o(i.HAL_TIM_PWM_PulseFinishedCallback)
    HAL_TIM_PWM_Start                        0x0800262d   Thumb Code   172  stm32f4xx_hal_tim.o(i.HAL_TIM_PWM_Start)
    HAL_TIM_PeriodElapsedCallback            0x080026f5   Thumb Code    78  hareware.o(i.HAL_TIM_PeriodElapsedCallback)
    HAL_TIM_TriggerCallback                  0x08002749   Thumb Code     2  stm32f4xx_hal_tim.o(i.HAL_TIM_TriggerCallback)
    HAL_UARTEx_RxEventCallback               0x0800274b   Thumb Code     2  stm32f4xx_hal_uart.o(i.HAL_UARTEx_RxEventCallback)
    HAL_UART_ErrorCallback                   0x0800274d   Thumb Code     2  stm32f4xx_hal_uart.o(i.HAL_UART_ErrorCallback)
    HAL_UART_IRQHandler                      0x08002751   Thumb Code   610  stm32f4xx_hal_uart.o(i.HAL_UART_IRQHandler)
    HAL_UART_Init                            0x080029b9   Thumb Code    98  stm32f4xx_hal_uart.o(i.HAL_UART_Init)
    HAL_UART_MspInit                         0x08002a1d   Thumb Code   502  usart.o(i.HAL_UART_MspInit)
    HAL_UART_Receive_IT                      0x08002c41   Thumb Code    42  stm32f4xx_hal_uart.o(i.HAL_UART_Receive_IT)
    HAL_UART_RxCpltCallback                  0x08002c6d   Thumb Code   144  comunication.o(i.HAL_UART_RxCpltCallback)
    HAL_UART_TxCpltCallback                  0x08002d35   Thumb Code     2  stm32f4xx_hal_uart.o(i.HAL_UART_TxCpltCallback)
    HardFault_Handler                        0x08002d37   Thumb Code     2  stm32f4xx_it.o(i.HardFault_Handler)
    HomingMode                               0x08002d39   Thumb Code    76  moto.o(i.HomingMode)
    Larm_down                                0x08002d8d   Thumb Code    94  robot.o(i.Larm_down)
    Larm_down_first                          0x08002e1d   Thumb Code    90  robot.o(i.Larm_down_first)
    Larm_down_to_home                        0x08002ea5   Thumb Code    82  robot.o(i.Larm_down_to_home)
    Larm_home                                0x08002f1d   Thumb Code    10  robot.o(i.Larm_home)
    Larm_raise                               0x08002f2d   Thumb Code   128  robot.o(i.Larm_raise)
    Larm_wait                                0x08002fd1   Thumb Code    16  robot.o(i.Larm_wait)
    Laser_calibration_1                      0x08002fe9   Thumb Code   278  comunication.o(i.Laser_calibration_1)
    Lclamp_close                             0x08003115   Thumb Code    56  robot.o(i.Lclamp_close)
    Lclamp_open                              0x0800315d   Thumb Code    74  robot.o(i.Lclamp_open)
    M3508AngleIntegral                       0x080031b9   Thumb Code   180  moto.o(i.M3508AngleIntegral)
    M3508_Motor_Init                         0x08003279   Thumb Code   694  moto.o(i.M3508_Motor_Init)
    MX_CAN1_Init                             0x08003575   Thumb Code    70  can.o(i.MX_CAN1_Init)
    MX_CAN2_Init                             0x080035c5   Thumb Code    62  can.o(i.MX_CAN2_Init)
    MX_FREERTOS_Init                         0x0800360d   Thumb Code   102  freertos.o(i.MX_FREERTOS_Init)
    MX_GPIO_Init                             0x08003699   Thumb Code   330  gpio.o(i.MX_GPIO_Init)
    MX_TIM13_Init                            0x080037f9   Thumb Code    96  tim.o(i.MX_TIM13_Init)
    MX_TIM14_Init                            0x08003861   Thumb Code    96  tim.o(i.MX_TIM14_Init)
    MX_TIM2_Init                             0x080038c9   Thumb Code    98  tim.o(i.MX_TIM2_Init)
    MX_UART4_Init                            0x08003931   Thumb Code    48  usart.o(i.MX_UART4_Init)
    MX_UART5_Init                            0x08003969   Thumb Code    48  usart.o(i.MX_UART5_Init)
    MX_USART1_UART_Init                      0x080039a1   Thumb Code    48  usart.o(i.MX_USART1_UART_Init)
    MX_USART2_UART_Init                      0x080039d9   Thumb Code    48  usart.o(i.MX_USART2_UART_Init)
    MX_USART3_UART_Init                      0x08003a11   Thumb Code    48  usart.o(i.MX_USART3_UART_Init)
    MX_USART6_UART_Init                      0x08003a49   Thumb Code    48  usart.o(i.MX_USART6_UART_Init)
    MaxMinLimit                              0x08003a81   Thumb Code    34  moto.o(i.MaxMinLimit)
    MemManage_Handler                        0x08003aa3   Thumb Code     2  stm32f4xx_it.o(i.MemManage_Handler)
    MotorCtrl                                0x08003aa5   Thumb Code   606  moto.o(i.MotorCtrl)
    Move_Init                                0x08003d19   Thumb Code   408  movebase.o(i.Move_Init)
    NMI_Handler                              0x08003eed   Thumb Code     2  stm32f4xx_it.o(i.NMI_Handler)
    PID_abs_limit                            0x08003eef   Thumb Code    34  pid.o(i.PID_abs_limit)
    PID_incremental_PID_calculation          0x08003f11   Thumb Code   180  pid.o(i.PID_incremental_PID_calculation)
    PID_parameter_init                       0x08003fc9   Thumb Code    56  pid.o(i.PID_parameter_init)
    PID_position_PID_calculation             0x08004005   Thumb Code   182  pid.o(i.PID_position_PID_calculation)
    PID_position_PID_calculation_by_error    0x080040c1   Thumb Code   178  pid.o(i.PID_position_PID_calculation_by_error)
    Robot_state                              0x08004179   Thumb Code    20  freertos.o(i.Robot_state)
    STM32_READ_FROM_ROS                      0x0800418d   Thumb Code   516  communication_stm32.o(i.STM32_READ_FROM_ROS)
    StartDefaultTask                         0x080043a1   Thumb Code    26  freertos.o(i.StartDefaultTask)
    StartTask07                              0x080043c1   Thumb Code     8  freertos.o(i.StartTask07)
    SysTick_Handler                          0x080043c9   Thumb Code    24  stm32f4xx_it.o(i.SysTick_Handler)
    SystemClock_Config                       0x080043e1   Thumb Code   142  main.o(i.SystemClock_Config)
    SystemInit                               0x08004479   Thumb Code    12  system_stm32f4xx.o(i.SystemInit)
    TIM2_IRQHandler                          0x08004489   Thumb Code     6  stm32f4xx_it.o(i.TIM2_IRQHandler)
    TIM_Base_SetConfig                       0x08004495   Thumb Code   156  stm32f4xx_hal_tim.o(i.TIM_Base_SetConfig)
    TIM_CCxChannelCmd                        0x0800455d   Thumb Code    26  stm32f4xx_hal_tim.o(i.TIM_CCxChannelCmd)
    TIM_ETR_SetConfig                        0x08004577   Thumb Code    20  stm32f4xx_hal_tim.o(i.TIM_ETR_SetConfig)
    TIM_OC2_SetConfig                        0x080045fd   Thumb Code    98  stm32f4xx_hal_tim.o(i.TIM_OC2_SetConfig)
    U8_update_info                           0x08004769   Thumb Code   378  mit.o(i.U8_update_info)
    UART4_IRQHandler                         0x080048f1   Thumb Code    22  stm32f4xx_it.o(i.UART4_IRQHandler)
    UART4_Send_String                        0x08004911   Thumb Code    36  comunication.o(i.UART4_Send_String)
    UART_Start_Receive_IT                    0x08004b69   Thumb Code    54  stm32f4xx_hal_uart.o(i.UART_Start_Receive_IT)
    USART1_IRQHandler                        0x08004ba1   Thumb Code    22  stm32f4xx_it.o(i.USART1_IRQHandler)
    USART2_IRQHandler                        0x08004bc1   Thumb Code    22  stm32f4xx_it.o(i.USART2_IRQHandler)
    Update_Action                            0x08004be1   Thumb Code   104  calculation.o(i.Update_Action)
    UsageFault_Handler                       0x08004c55   Thumb Code     2  stm32f4xx_it.o(i.UsageFault_Handler)
    Usart4_SendData                          0x08004c59   Thumb Code   156  comunication.o(i.Usart4_SendData)
    VelCrl                                   0x08004cf9   Thumb Code    14  moto.o(i.VelCrl)
    Vel_TorqueCtrl                           0x08004d0d   Thumb Code    14  moto.o(i.Vel_TorqueCtrl)
    VelocityPlanningMODE                     0x08004d1d   Thumb Code   484  moto.o(i.VelocityPlanningMODE)
    Velocity_Planning_setpos                 0x08004f09   Thumb Code    12  moto.o(i.Velocity_Planning_setpos)
    VisionReceiveData_1                      0x08004f15   Thumb Code   306  comunication.o(i.VisionReceiveData_1)
    YawAdjust                                0x08005055   Thumb Code   144  movebase.o(i.YawAdjust)
    __ARM_fpclassify                         0x080050f1   Thumb Code    48  fpclassify.o(i.__ARM_fpclassify)
    __hardfp_cos                             0x08005141   Thumb Code   180  cos.o(i.__hardfp_cos)
    __hardfp_sin                             0x08005209   Thumb Code   180  sin.o(i.__hardfp_sin)
    __hardfp_sqrt                            0x080052d1   Thumb Code   122  sqrt.o(i.__hardfp_sqrt)
    __ieee754_rem_pio2                       0x08005351   Thumb Code   938  rred.o(i.__ieee754_rem_pio2)
    __kernel_cos                             0x08005789   Thumb Code   322  cos_i.o(i.__kernel_cos)
    __kernel_poly                            0x080058f9   Thumb Code   248  poly.o(i.__kernel_poly)
    __kernel_sin                             0x080059f1   Thumb Code   280  sin_i.o(i.__kernel_sin)
    __mathlib_dbl_infnan                     0x08005b21   Thumb Code    20  dunder.o(i.__mathlib_dbl_infnan)
    __mathlib_dbl_invalid                    0x08005b39   Thumb Code    24  dunder.o(i.__mathlib_dbl_invalid)
    __mathlib_dbl_underflow                  0x08005b59   Thumb Code    24  dunder.o(i.__mathlib_dbl_underflow)
    __scatterload_copy                       0x08005b79   Thumb Code    14  handlers.o(i.__scatterload_copy)
    __scatterload_null                       0x08005b87   Thumb Code     2  handlers.o(i.__scatterload_null)
    __scatterload_zeroinit                   0x08005b89   Thumb Code    14  handlers.o(i.__scatterload_zeroinit)
    __set_errno                              0x08005b99   Thumb Code     6  errno.o(i.__set_errno)
    arm_calculation                          0x08005ba5   Thumb Code   328  calculation.o(i.arm_calculation)
    averageFilter                            0x08005d0d   Thumb Code    56  calculation.o(i.averageFilter)
    chassis_TrapezoidPlaning                 0x08005d49   Thumb Code   556  movebase.o(i.chassis_TrapezoidPlaning)
    chassis_TrapezoidPlaning_laser           0x08005f89   Thumb Code   856  movebase.o(i.chassis_TrapezoidPlaning_laser)
    chassis_m3508_send_motor_currents        0x080062f5   Thumb Code   186  moto.o(i.chassis_m3508_send_motor_currents)
    ctrl_motor2                              0x080063b9   Thumb Code    92  mit.o(i.ctrl_motor2)
    data_update                              0x08006419   Thumb Code    30  freertos.o(i.data_update)
    fabs                                     0x08006441   Thumb Code    24  fabs.o(i.fabs)
    getCrc8                                  0x08006459   Thumb Code    48  comunication.o(i.getCrc8)
    get_9block                               0x08006489   Thumb Code   124  calculation.o(i.get_9block)
    m2006_init                               0x0800650d   Thumb Code    14  calculation.o(i.m2006_init)
    m3508_update_m3508_info                  0x08006521   Thumb Code   222  moto.o(i.m3508_update_m3508_info)
    main                                     0x08006605   Thumb Code   154  main.o(i.main)
    mit_calculation                          0x080066cd   Thumb Code   152  calculation.o(i.mit_calculation)
    moto_calculation                         0x08006771   Thumb Code   186  calculation.o(i.moto_calculation)
    motor_control                            0x08006841   Thumb Code    12  freertos.o(i.motor_control)
    move                                     0x0800684d   Thumb Code  1356  fsm.o(i.move)
    move_FSM                                 0x08006d9d   Thumb Code   238  fsm.o(i.move_FSM)
    move_base                                0x08006ead   Thumb Code    92  freertos.o(i.move_base)
    osDelay                                  0x08006f1d   Thumb Code    26  cmsis_os2.o(i.osDelay)
    osKernelInitialize                       0x08006f39   Thumb Code    32  cmsis_os2.o(i.osKernelInitialize)
    osKernelStart                            0x08006f5d   Thumb Code    48  cmsis_os2.o(i.osKernelStart)
    osThreadNew                              0x08006f95   Thumb Code   136  cmsis_os2.o(i.osThreadNew)
    pvPortMalloc                             0x080077b1   Thumb Code   216  heap_4.o(i.pvPortMalloc)
    pxPortInitialiseStack                    0x0800788d   Thumb Code    40  port.o(i.pxPortInitialiseStack)
    serial_get_crc8_value                    0x080078b9   Thumb Code    48  communication_stm32.o(i.serial_get_crc8_value)
    shoot                                    0x080078e9   Thumb Code   714  fsm.o(i.shoot)
    shoot_FSM                                0x08007c19   Thumb Code    24  fsm.o(i.shoot_FSM)
    shoot_calculation                        0x08007c39   Thumb Code   350  calculation.o(i.shoot_calculation)
    uart4_ReceiveData                        0x08007dc5   Thumb Code   320  comunication.o(i.uart4_ReceiveData)
    uint_to_float                            0x08007f11   Thumb Code    40  mit.o(i.uint_to_float)
    uxListRemove                             0x08007f39   Thumb Code    38  list.o(i.uxListRemove)
    vApplicationGetIdleTaskMemory            0x08007f61   Thumb Code    16  cmsis_os2.o(i.vApplicationGetIdleTaskMemory)
    vApplicationGetTimerTaskMemory           0x08007f75   Thumb Code    18  cmsis_os2.o(i.vApplicationGetTimerTaskMemory)
    vListInitialise                          0x08007f8d   Thumb Code    22  list.o(i.vListInitialise)
    vListInitialiseItem                      0x08007fa3   Thumb Code     6  list.o(i.vListInitialiseItem)
    vListInsert                              0x08007fa9   Thumb Code    48  list.o(i.vListInsert)
    vListInsertEnd                           0x08007fd9   Thumb Code    24  list.o(i.vListInsertEnd)
    vPortEnterCritical                       0x08007ff1   Thumb Code    54  port.o(i.vPortEnterCritical)
    vPortExitCritical                        0x08008031   Thumb Code    34  port.o(i.vPortExitCritical)
    vPortFree                                0x08008059   Thumb Code    94  heap_4.o(i.vPortFree)
    vPortSetupTimerInterrupt                 0x080080bd   Thumb Code    32  port.o(i.vPortSetupTimerInterrupt)
    vPortValidateInterruptPriority           0x080080e1   Thumb Code    74  port.o(i.vPortValidateInterruptPriority)
    vQueueAddToRegistry                      0x08008135   Thumb Code    34  queue.o(i.vQueueAddToRegistry)
    vQueueWaitForMessageRestricted           0x0800815d   Thumb Code    68  queue.o(i.vQueueWaitForMessageRestricted)
    vTaskDelay                               0x080081a1   Thumb Code    66  tasks.o(i.vTaskDelay)
    vTaskDelayUntil                          0x080081ed   Thumb Code   132  tasks.o(i.vTaskDelayUntil)
    vTaskInternalSetTimeOutState             0x08008279   Thumb Code    12  tasks.o(i.vTaskInternalSetTimeOutState)
    vTaskMissedYield                         0x08008289   Thumb Code     8  tasks.o(i.vTaskMissedYield)
    vTaskPlaceOnEventList                    0x08008295   Thumb Code    44  tasks.o(i.vTaskPlaceOnEventList)
    vTaskPlaceOnEventListRestricted          0x080082c5   Thumb Code    52  tasks.o(i.vTaskPlaceOnEventListRestricted)
    vTaskStartScheduler                      0x080082fd   Thumb Code   118  tasks.o(i.vTaskStartScheduler)
    vTaskSuspendAll                          0x08008385   Thumb Code    10  tasks.o(i.vTaskSuspendAll)
    vTaskSwitchContext                       0x08008395   Thumb Code    90  tasks.o(i.vTaskSwitchContext)
    xPortStartScheduler                      0x080083f9   Thumb Code   222  port.o(i.xPortStartScheduler)
    xPortSysTickHandler                      0x080084ed   Thumb Code    38  port.o(i.xPortSysTickHandler)
    xQueueGenericCreateStatic                0x08008519   Thumb Code   102  queue.o(i.xQueueGenericCreateStatic)
    xQueueGenericReset                       0x08008581   Thumb Code   132  queue.o(i.xQueueGenericReset)
    xQueueGenericSend                        0x08008609   Thumb Code   346  queue.o(i.xQueueGenericSend)
    xQueueGenericSendFromISR                 0x08008769   Thumb Code   190  queue.o(i.xQueueGenericSendFromISR)
    xQueueReceive                            0x08008829   Thumb Code   308  queue.o(i.xQueueReceive)
    xTaskCheckForTimeOut                     0x08008961   Thumb Code   112  tasks.o(i.xTaskCheckForTimeOut)
    xTaskCreate                              0x080089d5   Thumb Code    90  tasks.o(i.xTaskCreate)
    xTaskCreateStatic                        0x08008a2f   Thumb Code    86  tasks.o(i.xTaskCreateStatic)
    xTaskGetSchedulerState                   0x08008a85   Thumb Code    22  tasks.o(i.xTaskGetSchedulerState)
    xTaskGetTickCount                        0x08008aa1   Thumb Code     6  tasks.o(i.xTaskGetTickCount)
    xTaskIncrementTick                       0x08008aad   Thumb Code   192  tasks.o(i.xTaskIncrementTick)
    xTaskPriorityDisinherit                  0x08008b75   Thumb Code   118  tasks.o(i.xTaskPriorityDisinherit)
    xTaskRemoveFromEventList                 0x08008bf5   Thumb Code    98  tasks.o(i.xTaskRemoveFromEventList)
    xTaskResumeAll                           0x08008c65   Thumb Code   182  tasks.o(i.xTaskResumeAll)
    xTimerCreateTimerTask                    0x08008d29   Thumb Code    78  timers.o(i.xTimerCreateTimerTask)
    xTimerGenericCommand                     0x08008d89   Thumb Code    98  timers.o(i.xTimerGenericCommand)
    defaultTask_attributes                   0x08008df0   Data          36  freertos.o(.constdata)
    move_base_task_attributes                0x08008e14   Data          36  freertos.o(.constdata)
    Robot_state_tas_attributes               0x08008e38   Data          36  freertos.o(.constdata)
    Auto_task_attributes                     0x08008e5c   Data          36  freertos.o(.constdata)
    data_update_tas_attributes               0x08008e80   Data          36  freertos.o(.constdata)
    motor_control_t_attributes               0x08008ea4   Data          36  freertos.o(.constdata)
    SHOWTask07_attributes                    0x08008ec8   Data          36  freertos.o(.constdata)
    serial_header                            0x08008eec   Data           2  communication_stm32.o(.constdata)
    serial_ender                             0x08008eee   Data           2  communication_stm32.o(.constdata)
    AHBPrescTable                            0x08008ef0   Data          16  system_stm32f4xx.o(.constdata)
    APBPrescTable                            0x08008f00   Data           8  system_stm32f4xx.o(.constdata)
    Region$$Table$$Base                      0x0800908c   Number         0  anon$$obj.o(Region$$Table)
    Region$$Table$$Limit                     0x080090ac   Number         0  anon$$obj.o(Region$$Table)
    defaultTaskHandle                        0x20000004   Data           4  freertos.o(.data)
    move_base_taskHandle                     0x20000008   Data           4  freertos.o(.data)
    Robot_state_tasHandle                    0x2000000c   Data           4  freertos.o(.data)
    Auto_taskHandle                          0x20000010   Data           4  freertos.o(.data)
    data_update_tasHandle                    0x20000014   Data           4  freertos.o(.data)
    motor_control_tHandle                    0x20000018   Data           4  freertos.o(.data)
    SHOWTask07Handle                         0x2000001c   Data           4  freertos.o(.data)
    Rx_Flag                                  0x20000020   Data           4  can.o(.data)
    o                                        0x20000028   Data           4  can.o(.data)
    RxData                                   0x2000002c   Data           8  can.o(.data)
    RxData2                                  0x20000034   Data           8  can.o(.data)
    location_x                               0x2000003c   Data           4  hareware.o(.data)
    location_y                               0x20000040   Data           4  hareware.o(.data)
    location_k                               0x20000044   Data           4  hareware.o(.data)
    location_b                               0x20000048   Data           4  hareware.o(.data)
    ppm_update_flag                          0x2000004c   Data           1  hareware.o(.data)
    Microsecond_Cnt                          0x20000050   Data           2  hareware.o(.data)
    now_ppm_time_send                        0x20000054   Data           4  hareware.o(.data)
    TIME_ISR_CNT                             0x20000058   Data           4  hareware.o(.data)
    LAST_TIME_ISR_CNT                        0x2000005c   Data           4  hareware.o(.data)
    Time_Sys                                 0x20000068   Data           8  hareware.o(.data)
    testflag                                 0x20000074   Data           4  movebase.o(.data)
    first_time_flag                          0x20000078   Data           4  movebase.o(.data)
    laser_speed_case                         0x2000007c   Data           4  movebase.o(.data)
    error_X                                  0x20000080   Data           4  movebase.o(.data)
    error_Y                                  0x20000084   Data           4  movebase.o(.data)
    k                                        0x20000088   Data           4  movebase.o(.data)
    t                                        0x2000008c   Data           4  movebase.o(.data)
    f1s                                      0x20000090   Data           4  movebase.o(.data)
    f2s                                      0x20000094   Data           4  movebase.o(.data)
    f3s                                      0x20000098   Data           4  movebase.o(.data)
    f4s                                      0x2000009c   Data           4  movebase.o(.data)
    last_X                                   0x200000a0   Data           4  movebase.o(.data)
    last_Y                                   0x200000a4   Data           4  movebase.o(.data)
    last_Yaw                                 0x200000a8   Data           4  movebase.o(.data)
    Hz                                       0x200000ac   Data           4  movebase.o(.data)
    S                                        0x200000b0   Data           4  movebase.o(.data)
    Ssu_laser                                0x200000b4   Data           4  movebase.o(.data)
    Sac_laser                                0x200000b8   Data           4  movebase.o(.data)
    Sde_laser                                0x200000bc   Data           4  movebase.o(.data)
    Sco_laser                                0x200000c0   Data           4  movebase.o(.data)
    Aac_laser                                0x200000c4   Data           4  movebase.o(.data)
    Ade_laser                                0x200000c8   Data           4  movebase.o(.data)
    S_laser                                  0x200000cc   Data           4  movebase.o(.data)
    output_V_laser                           0x200000d0   Data           4  movebase.o(.data)
    real_error_laser                         0x200000d4   Data           4  movebase.o(.data)
    armstate                                 0x200000d8   Data           4  calculation.o(.data)
    arm_first_time_flag                      0x200000dc   Data           4  calculation.o(.data)
    pwm_key_flag                             0x200000e0   Data           4  calculation.o(.data)
    move_ok                                  0x20000100   Data           4  calculation.o(.data)
    USART1_Receiver                          0x20000104   Data           1  comunication.o(.data)
    UART4_Receiver                           0x20000105   Data           1  comunication.o(.data)
    UART5_Receiver                           0x20000106   Data           1  comunication.o(.data)
    header                                   0x20000113   Data           2  comunication.o(.data)
    data1                                    0x20000128   Data           4  comunication.o(.data)
    data2                                    0x2000012c   Data           4  comunication.o(.data)
    data3                                    0x20000130   Data           4  comunication.o(.data)
    data4                                    0x20000134   Data           4  comunication.o(.data)
    data5                                    0x20000138   Data           4  comunication.o(.data)
    data6                                    0x2000013c   Data           4  comunication.o(.data)
    data7                                    0x20000140   Data           4  comunication.o(.data)
    data8                                    0x20000144   Data           4  comunication.o(.data)
    data9                                    0x20000148   Data           4  comunication.o(.data)
    data10                                   0x2000014c   Data           4  comunication.o(.data)
    x_position                               0x2000015c   Data           4  comunication.o(.data)
    y_position                               0x20000160   Data           4  comunication.o(.data)
    k_position                               0x20000164   Data           4  comunication.o(.data)
    b_position                               0x20000168   Data           4  comunication.o(.data)
    real_x                                   0x2000016c   Data           4  comunication.o(.data)
    real_y                                   0x20000170   Data           4  comunication.o(.data)
    real_w                                   0x20000174   Data           4  comunication.o(.data)
    chassic_flag                             0x20000178   Data           4  comunication.o(.data)
    uart4_vx                                 0x2000017c   Data           4  comunication.o(.data)
    uart4_vy                                 0x20000180   Data           4  comunication.o(.data)
    uart4_vw                                 0x20000184   Data           4  comunication.o(.data)
    uart4_flag                               0x20000188   Data           4  comunication.o(.data)
    uart5_vx                                 0x2000018c   Data           4  comunication.o(.data)
    uart5_vy                                 0x20000190   Data           4  comunication.o(.data)
    uart5_vw                                 0x20000194   Data           4  comunication.o(.data)
    uart5_flag                               0x20000198   Data           4  comunication.o(.data)
    MOVE_STATE                               0x2000019c   Data           1  fsm.o(.data)
    SHOOTING_STATE                           0x2000019d   Data           1  fsm.o(.data)
    Yaw_robot_manual_error                   0x200001a0   Data           4  fsm.o(.data)
    move_time_counter                        0x200001a4   Data           4  fsm.o(.data)
    direction                                0x200001a8   Data           4  fsm.o(.data)
    laser_point_flag                         0x200001ac   Data           4  fsm.o(.data)
    POSX_TrapezoidPlaning                    0x200001b0   Data           4  fsm.o(.data)
    POSY_TrapezoidPlaning                    0x200001b4   Data           4  fsm.o(.data)
    test1flag                                0x200001b8   Data           4  fsm.o(.data)
    USART_Receiver2                          0x200001bc   Data           1  communication_stm32.o(.data)
    check_header_buf                         0x200001be   Data           2  communication_stm32.o(.data)
    Stm32ToRos_data1_union_instance          0x200001c4   Data           4  communication_stm32.o(.data)
    Stm32ToRos_data2_union_instance          0x200001c8   Data           4  communication_stm32.o(.data)
    Stm32ToRos_data3_union_instance          0x200001cc   Data           4  communication_stm32.o(.data)
    Stm32ToRos_data4_union_instance          0x200001d0   Data           4  communication_stm32.o(.data)
    Stm32ToRos_data5_union_instance          0x200001d4   Data           4  communication_stm32.o(.data)
    Stm32ToRos_data6_union_instance          0x200001d8   Data           4  communication_stm32.o(.data)
    Stm32ToRos_data7_union_instance          0x200001dc   Data           4  communication_stm32.o(.data)
    Stm32ToRos_data8_union_instance          0x200001e0   Data           4  communication_stm32.o(.data)
    Stm32ToRos_data9_union_instance          0x200001e4   Data           4  communication_stm32.o(.data)
    Stm32ToRos_data10_union_instance         0x200001e8   Data           4  communication_stm32.o(.data)
    RosToStm32_data1_union_instance          0x200001ec   Data           4  communication_stm32.o(.data)
    RosToStm32_data2_union_instance          0x200001f0   Data           4  communication_stm32.o(.data)
    RosToStm32_data3_union_instance          0x200001f4   Data           4  communication_stm32.o(.data)
    RosToStm32_data4_union_instance          0x200001f8   Data           4  communication_stm32.o(.data)
    RosToStm32_data5_union_instance          0x200001fc   Data           4  communication_stm32.o(.data)
    RosToStm32_data6_union_instance          0x20000200   Data           4  communication_stm32.o(.data)
    RosToStm32_data7_union_instance          0x20000204   Data           4  communication_stm32.o(.data)
    RosToStm32_data8_union_instance          0x20000208   Data           4  communication_stm32.o(.data)
    RosToStm32_data9_union_instance          0x2000020c   Data           4  communication_stm32.o(.data)
    RosToStm32_data10_union_instance         0x20000210   Data           4  communication_stm32.o(.data)
    uwTickFreq                               0x20000218   Data           1  stm32f4xx_hal.o(.data)
    uwTickPrio                               0x2000021c   Data           4  stm32f4xx_hal.o(.data)
    uwTick                                   0x20000220   Data           4  stm32f4xx_hal.o(.data)
    SystemCoreClock                          0x20000224   Data           4  system_stm32f4xx.o(.data)
    pxCurrentTCB                             0x20000228   Data           4  tasks.o(.data)
    MIT_DRIVER_REAL_INFO                     0x200002ac   Data         112  mit.o(.bss)
    TxHeader                                 0x2000031c   Data          24  can.o(.bss)
    hcan1                                    0x20000334   Data          40  can.o(.bss)
    hcan2                                    0x2000035c   Data          40  can.o(.bss)
    htim2                                    0x20000384   Data          72  tim.o(.bss)
    htim13                                   0x200003cc   Data          72  tim.o(.bss)
    htim14                                   0x20000414   Data          72  tim.o(.bss)
    huart4                                   0x2000045c   Data          68  usart.o(.bss)
    huart5                                   0x200004a0   Data          68  usart.o(.bss)
    huart1                                   0x200004e4   Data          68  usart.o(.bss)
    huart2                                   0x20000528   Data          68  usart.o(.bss)
    huart3                                   0x2000056c   Data          68  usart.o(.bss)
    huart6                                   0x200005b0   Data          68  usart.o(.bss)
    PPM_Databuf                              0x20000608   Data          20  hareware.o(.bss)
    KEY_DATA                                 0x2000061c   Data          12  hareware.o(.bss)
    ROBOT_REAL_POS_DATA                      0x20000628   Data          16  hareware.o(.bss)
    ACTION_GL_POS_DATA                       0x20000638   Data          52  hareware.o(.bss)
    Robot_Chassis                            0x2000066c   Data          32  movebase.o(.bss)
    point_traker_x_pid                       0x2000068c   Data          56  movebase.o(.bss)
    point_traker_y_pid                       0x200006c4   Data          56  movebase.o(.bss)
    point_traker_yaw_pid                     0x200006fc   Data          56  movebase.o(.bss)
    point_traker_ladar_y_pid                 0x20000734   Data          56  movebase.o(.bss)
    point_traker_ladar_x_pid                 0x2000076c   Data          56  movebase.o(.bss)
    yaw_pid_ladar                            0x200007a4   Data          56  movebase.o(.bss)
    now_path_point                           0x200007dc   Data          24  movebase.o(.bss)
    point_pid                                0x200007f4   Data          56  movebase.o(.bss)
    yaw_pid                                  0x2000082c   Data          56  movebase.o(.bss)
    MOTOR_REAL_INFO                          0x20000864   Data        1120  moto.o(.bss)
    MOTOR_PID_RPM                            0x20000cc4   Data         448  moto.o(.bss)
    MOTOR_PID_POS                            0x20000e84   Data         448  moto.o(.bss)
    laser_X_pid                              0x20001044   Data          56  moto.o(.bss)
    laser_Y_pid                              0x2000107c   Data          56  moto.o(.bss)
    laser_K_pid                              0x200010b4   Data          56  moto.o(.bss)
    laser_B_pid                              0x200010ec   Data          56  moto.o(.bss)
    SHOOT_DATA                               0x20001124   Data         116  calculation.o(.bss)
    fitlerx                                  0x20001198   Data          28  calculation.o(.bss)
    fitlery                                  0x200011b4   Data          28  calculation.o(.bss)
    fitlerw                                  0x200011d0   Data          28  calculation.o(.bss)
    receiveBuff_u1                           0x200011ec   Data          22  comunication.o(.bss)
    receiveBuff_u4                           0x20001202   Data          22  comunication.o(.bss)
    receiveBuff_u5                           0x20001218   Data          22  comunication.o(.bss)
    ROBOT_FLAG                               0x20001230   Data          24  fsm.o(.bss)
    V_robot_manual                           0x20001248   Data          12  fsm.o(.bss)
    receive_buf                              0x20001254   Data         920  communication_stm32.o(.bss)
    xQueueRegistry                           0x200015ec   Data          64  queue.o(.bss)
    __initial_sp                             0x200062c0   Data           0  startup_stm32f407xx.o(STACK)



==============================================================================

Memory Map of the image

  Image Entry point : 0x08000189

  Load Region LR_IROM1 (Base: 0x08000000, Size: 0x00009358, Max: 0x00100000, ABSOLUTE, COMPRESSED[0x000090cc])

    Execution Region ER_IROM1 (Exec base: 0x08000000, Load base: 0x08000000, Size: 0x000090ac, Max: 0x00100000, ABSOLUTE)

    Exec Addr    Load Addr    Size         Type   Attr      Idx    E Section Name        Object

    0x08000000   0x08000000   0x00000188   Data   RO            3    RESET               startup_stm32f407xx.o
    0x08000188   0x08000188   0x00000000   Code   RO         6220  * .ARM.Collect$$$$00000000  mc_w.l(entry.o)
    0x08000188   0x08000188   0x00000004   Code   RO         6271    .ARM.Collect$$$$00000001  mc_w.l(entry2.o)
    0x0800018c   0x0800018c   0x00000004   Code   RO         6274    .ARM.Collect$$$$00000004  mc_w.l(entry5.o)
    0x08000190   0x08000190   0x00000000   Code   RO         6276    .ARM.Collect$$$$00000008  mc_w.l(entry7b.o)
    0x08000190   0x08000190   0x00000000   Code   RO         6278    .ARM.Collect$$$$0000000A  mc_w.l(entry8b.o)
    0x08000190   0x08000190   0x00000008   Code   RO         6279    .ARM.Collect$$$$0000000B  mc_w.l(entry9a.o)
    0x08000198   0x08000198   0x00000000   Code   RO         6281    .ARM.Collect$$$$0000000D  mc_w.l(entry10a.o)
    0x08000198   0x08000198   0x00000000   Code   RO         6283    .ARM.Collect$$$$0000000F  mc_w.l(entry11a.o)
    0x08000198   0x08000198   0x00000004   Code   RO         6272    .ARM.Collect$$$$00002712  mc_w.l(entry2.o)
    0x0800019c   0x0800019c   0x000000be   Code   RO         6107    .emb_text           port.o
    0x0800025a   0x0800025a   0x00000002   PAD
    0x0800025c   0x0800025c   0x00000024   Code   RO            4    .text               startup_stm32f407xx.o
    0x08000280   0x08000280   0x00000062   Code   RO         6223    .text               mc_w.l(uldiv.o)
    0x080002e2   0x080002e2   0x00000024   Code   RO         6225    .text               mc_w.l(memcpya.o)
    0x08000306   0x08000306   0x00000024   Code   RO         6229    .text               mc_w.l(memseta.o)
    0x0800032a   0x0800032a   0x0000014e   Code   RO         6233    .text               mf_w.l(dadd.o)
    0x08000478   0x08000478   0x000000e4   Code   RO         6235    .text               mf_w.l(dmul.o)
    0x0800055c   0x0800055c   0x000000de   Code   RO         6237    .text               mf_w.l(ddiv.o)
    0x0800063a   0x0800063a   0x00000026   Code   RO         6239    .text               mf_w.l(f2d.o)
    0x08000660   0x08000660   0x00000038   Code   RO         6241    .text               mf_w.l(d2f.o)
    0x08000698   0x08000698   0x0000001e   Code   RO         6285    .text               mc_w.l(llshl.o)
    0x080006b6   0x080006b6   0x00000020   Code   RO         6287    .text               mc_w.l(llushr.o)
    0x080006d6   0x080006d6   0x00000024   Code   RO         6289    .text               mc_w.l(llsshr.o)
    0x080006fa   0x080006fa   0x00000000   Code   RO         6298    .text               mc_w.l(iusefp.o)
    0x080006fa   0x080006fa   0x0000006e   Code   RO         6299    .text               mf_w.l(fepilogue.o)
    0x08000768   0x08000768   0x000000ba   Code   RO         6301    .text               mf_w.l(depilogue.o)
    0x08000822   0x08000822   0x000000a2   Code   RO         6305    .text               mf_w.l(dsqrt.o)
    0x080008c4   0x080008c4   0x00000024   Code   RO         6319    .text               mc_w.l(init.o)
    0x080008e8   0x080008e8   0x00000022   Code   RO         6321    .text               mf_w.l(dflti.o)
    0x0800090a   0x0800090a   0x0000001a   Code   RO         6323    .text               mf_w.l(dfltui.o)
    0x08000924   0x08000924   0x0000003e   Code   RO         6325    .text               mf_w.l(dfixi.o)
    0x08000962   0x08000962   0x0000003a   Code   RO         6335    .text               mc_w.l(__dczerorl.o)
    0x0800099c   0x0800099c   0x00000058   Code   RO          911    i.AngleLimit        movebase.o
    0x080009f4   0x080009f4   0x0000000c   Code   RO          385    i.Auto              freertos.o
    0x08000a00   0x08000a00   0x00000002   Code   RO          686    i.BusFault_Handler  stm32f4xx_it.o
    0x08000a02   0x08000a02   0x00000002   PAD
    0x08000a04   0x08000a04   0x00000060   Code   RO          476    i.CAN1_Filter_Init  can.o
    0x08000a64   0x08000a64   0x0000000c   Code   RO          687    i.CAN1_RX0_IRQHandler  stm32f4xx_it.o
    0x08000a70   0x08000a70   0x0000000c   Code   RO          688    i.CAN1_RX1_IRQHandler  stm32f4xx_it.o
    0x08000a7c   0x08000a7c   0x0000000c   Code   RO          689    i.CAN1_SCE_IRQHandler  stm32f4xx_it.o
    0x08000a88   0x08000a88   0x0000000c   Code   RO          690    i.CAN1_TX_IRQHandler  stm32f4xx_it.o
    0x08000a94   0x08000a94   0x0000000c   Code   RO          691    i.CAN2_RX0_IRQHandler  stm32f4xx_it.o
    0x08000aa0   0x08000aa0   0x0000000c   Code   RO          692    i.CAN2_RX1_IRQHandler  stm32f4xx_it.o
    0x08000aac   0x08000aac   0x0000000c   Code   RO          693    i.CAN2_SCE_IRQHandler  stm32f4xx_it.o
    0x08000ab8   0x08000ab8   0x0000000c   Code   RO          694    i.CAN2_TX_IRQHandler  stm32f4xx_it.o
    0x08000ac4   0x08000ac4   0x00000018   Code   RO         1048    i.CurrentCrl        moto.o
    0x08000adc   0x08000adc   0x00000022   Code   RO           13    i.DM43_Init         mit.o
    0x08000afe   0x08000afe   0x00000002   PAD
    0x08000b00   0x08000b00   0x00000064   Code   RO           14    i.DM43_control_cmd  mit.o
    0x08000b64   0x08000b64   0x00000170   Code   RO           15    i.DM43_update_info  mit.o
    0x08000cd4   0x08000cd4   0x00000002   Code   RO          695    i.DebugMon_Handler  stm32f4xx_it.o
    0x08000cd6   0x08000cd6   0x0000001e   Code   RO          696    i.EXTI15_10_IRQHandler  stm32f4xx_it.o
    0x08000cf4   0x08000cf4   0x00000006   Code   RO          697    i.EXTI9_5_IRQHandler  stm32f4xx_it.o
    0x08000cfa   0x08000cfa   0x00000004   Code   RO          251    i.Error_Handler     main.o
    0x08000cfe   0x08000cfe   0x00000002   PAD
    0x08000d00   0x08000d00   0x00000040   Code   RO         1520    i.FSM_Init          fsm.o
    0x08000d40   0x08000d40   0x00000024   Code   RO         1708    i.HAL_CAN_ActivateNotification  stm32f4xx_hal_can.o
    0x08000d64   0x08000d64   0x000000c8   Code   RO         1709    i.HAL_CAN_AddTxMessage  stm32f4xx_hal_can.o
    0x08000e2c   0x08000e2c   0x0000010c   Code   RO         1710    i.HAL_CAN_ConfigFilter  stm32f4xx_hal_can.o
    0x08000f38   0x08000f38   0x00000002   Code   RO         1713    i.HAL_CAN_ErrorCallback  stm32f4xx_hal_can.o
    0x08000f3a   0x08000f3a   0x000000e8   Code   RO         1716    i.HAL_CAN_GetRxMessage  stm32f4xx_hal_can.o
    0x08001022   0x08001022   0x000001fc   Code   RO         1720    i.HAL_CAN_IRQHandler  stm32f4xx_hal_can.o
    0x0800121e   0x0800121e   0x0000011a   Code   RO         1721    i.HAL_CAN_Init      stm32f4xx_hal_can.o
    0x08001338   0x08001338   0x00000160   Code   RO          479    i.HAL_CAN_MspInit   can.o
    0x08001498   0x08001498   0x00000002   Code   RO         1728    i.HAL_CAN_RxFifo0FullCallback  stm32f4xx_hal_can.o
    0x0800149a   0x0800149a   0x00000002   PAD
    0x0800149c   0x0800149c   0x0000008c   Code   RO          480    i.HAL_CAN_RxFifo0MsgPendingCallback  can.o
    0x08001528   0x08001528   0x00000002   Code   RO         1730    i.HAL_CAN_RxFifo1FullCallback  stm32f4xx_hal_can.o
    0x0800152a   0x0800152a   0x00000002   Code   RO         1731    i.HAL_CAN_RxFifo1MsgPendingCallback  stm32f4xx_hal_can.o
    0x0800152c   0x0800152c   0x00000002   Code   RO         1732    i.HAL_CAN_SleepCallback  stm32f4xx_hal_can.o
    0x0800152e   0x0800152e   0x00000002   PAD
    0x08001530   0x08001530   0x00000058   Code   RO         1733    i.HAL_CAN_Start     stm32f4xx_hal_can.o
    0x08001588   0x08001588   0x00000002   Code   RO         1735    i.HAL_CAN_TxMailbox0AbortCallback  stm32f4xx_hal_can.o
    0x0800158a   0x0800158a   0x00000002   Code   RO         1736    i.HAL_CAN_TxMailbox0CompleteCallback  stm32f4xx_hal_can.o
    0x0800158c   0x0800158c   0x00000002   Code   RO         1737    i.HAL_CAN_TxMailbox1AbortCallback  stm32f4xx_hal_can.o
    0x0800158e   0x0800158e   0x00000002   Code   RO         1738    i.HAL_CAN_TxMailbox1CompleteCallback  stm32f4xx_hal_can.o
    0x08001590   0x08001590   0x00000002   Code   RO         1739    i.HAL_CAN_TxMailbox2AbortCallback  stm32f4xx_hal_can.o
    0x08001592   0x08001592   0x00000002   Code   RO         1740    i.HAL_CAN_TxMailbox2CompleteCallback  stm32f4xx_hal_can.o
    0x08001594   0x08001594   0x00000002   Code   RO         1742    i.HAL_CAN_WakeUpFromRxMsgCallback  stm32f4xx_hal_can.o
    0x08001596   0x08001596   0x00000092   Code   RO         2403    i.HAL_DMA_Abort     stm32f4xx_hal_dma.o
    0x08001628   0x08001628   0x00000024   Code   RO         2404    i.HAL_DMA_Abort_IT  stm32f4xx_hal_dma.o
    0x0800164c   0x0800164c   0x00000024   Code   RO         2822    i.HAL_Delay         stm32f4xx_hal.o
    0x08001670   0x08001670   0x000000c8   Code   RO          858    i.HAL_GPIO_EXTI_Callback  hareware.o
    0x08001738   0x08001738   0x00000018   Code   RO         2295    i.HAL_GPIO_EXTI_IRQHandler  stm32f4xx_hal_gpio.o
    0x08001750   0x08001750   0x000001f0   Code   RO         2296    i.HAL_GPIO_Init     stm32f4xx_hal_gpio.o
    0x08001940   0x08001940   0x0000000a   Code   RO         2298    i.HAL_GPIO_ReadPin  stm32f4xx_hal_gpio.o
    0x0800194a   0x0800194a   0x0000000a   Code   RO         2300    i.HAL_GPIO_WritePin  stm32f4xx_hal_gpio.o
    0x08001954   0x08001954   0x0000000c   Code   RO         2828    i.HAL_GetTick       stm32f4xx_hal.o
    0x08001960   0x08001960   0x0000006c   Code   RO         4048    i.HAL_HalfDuplex_Init  stm32f4xx_hal_uart.o
    0x080019cc   0x080019cc   0x00000010   Code   RO         2834    i.HAL_IncTick       stm32f4xx_hal.o
    0x080019dc   0x080019dc   0x00000034   Code   RO         2835    i.HAL_Init          stm32f4xx_hal.o
    0x08001a10   0x08001a10   0x00000040   Code   RO         2836    i.HAL_InitTick      stm32f4xx_hal.o
    0x08001a50   0x08001a50   0x00000038   Code   RO          834    i.HAL_MspInit       stm32f4xx_hal_msp.o
    0x08001a88   0x08001a88   0x0000001a   Code   RO         2685    i.HAL_NVIC_EnableIRQ  stm32f4xx_hal_cortex.o
    0x08001aa2   0x08001aa2   0x00000002   PAD
    0x08001aa4   0x08001aa4   0x00000040   Code   RO         2691    i.HAL_NVIC_SetPriority  stm32f4xx_hal_cortex.o
    0x08001ae4   0x08001ae4   0x00000024   Code   RO         2692    i.HAL_NVIC_SetPriorityGrouping  stm32f4xx_hal_cortex.o
    0x08001b08   0x08001b08   0x00000134   Code   RO         1942    i.HAL_RCC_ClockConfig  stm32f4xx_hal_rcc.o
    0x08001c3c   0x08001c3c   0x00000020   Code   RO         1949    i.HAL_RCC_GetPCLK1Freq  stm32f4xx_hal_rcc.o
    0x08001c5c   0x08001c5c   0x00000020   Code   RO         1950    i.HAL_RCC_GetPCLK2Freq  stm32f4xx_hal_rcc.o
    0x08001c7c   0x08001c7c   0x00000060   Code   RO         1951    i.HAL_RCC_GetSysClockFreq  stm32f4xx_hal_rcc.o
    0x08001cdc   0x08001cdc   0x0000036c   Code   RO         1954    i.HAL_RCC_OscConfig  stm32f4xx_hal_rcc.o
    0x08002048   0x08002048   0x00000028   Code   RO         2696    i.HAL_SYSTICK_Config  stm32f4xx_hal_cortex.o
    0x08002070   0x08002070   0x00000002   Code   RO         3779    i.HAL_TIMEx_BreakCallback  stm32f4xx_hal_tim_ex.o
    0x08002072   0x08002072   0x00000002   Code   RO         3780    i.HAL_TIMEx_CommutCallback  stm32f4xx_hal_tim_ex.o
    0x08002074   0x08002074   0x00000090   Code   RO         3798    i.HAL_TIMEx_MasterConfigSynchronization  stm32f4xx_hal_tim_ex.o
    0x08002104   0x08002104   0x0000005a   Code   RO         3075    i.HAL_TIM_Base_Init  stm32f4xx_hal_tim.o
    0x0800215e   0x0800215e   0x00000002   PAD
    0x08002160   0x08002160   0x0000006c   Code   RO          545    i.HAL_TIM_Base_MspInit  tim.o
    0x080021cc   0x080021cc   0x00000080   Code   RO         3080    i.HAL_TIM_Base_Start_IT  stm32f4xx_hal_tim.o
    0x0800224c   0x0800224c   0x000000dc   Code   RO         3084    i.HAL_TIM_ConfigClockSource  stm32f4xx_hal_tim.o
    0x08002328   0x08002328   0x00000002   Code   RO         3109    i.HAL_TIM_IC_CaptureCallback  stm32f4xx_hal_tim.o
    0x0800232a   0x0800232a   0x00000166   Code   RO         3123    i.HAL_TIM_IRQHandler  stm32f4xx_hal_tim.o
    0x08002490   0x08002490   0x00000070   Code   RO          546    i.HAL_TIM_MspPostInit  tim.o
    0x08002500   0x08002500   0x00000002   Code   RO         3126    i.HAL_TIM_OC_DelayElapsedCallback  stm32f4xx_hal_tim.o
    0x08002502   0x08002502   0x000000cc   Code   RO         3147    i.HAL_TIM_PWM_ConfigChannel  stm32f4xx_hal_tim.o
    0x080025ce   0x080025ce   0x0000005a   Code   RO         3150    i.HAL_TIM_PWM_Init  stm32f4xx_hal_tim.o
    0x08002628   0x08002628   0x00000002   Code   RO         3152    i.HAL_TIM_PWM_MspInit  stm32f4xx_hal_tim.o
    0x0800262a   0x0800262a   0x00000002   Code   RO         3153    i.HAL_TIM_PWM_PulseFinishedCallback  stm32f4xx_hal_tim.o
    0x0800262c   0x0800262c   0x000000c8   Code   RO         3155    i.HAL_TIM_PWM_Start  stm32f4xx_hal_tim.o
    0x080026f4   0x080026f4   0x00000054   Code   RO          859    i.HAL_TIM_PeriodElapsedCallback  hareware.o
    0x08002748   0x08002748   0x00000002   Code   RO         3166    i.HAL_TIM_TriggerCallback  stm32f4xx_hal_tim.o
    0x0800274a   0x0800274a   0x00000002   Code   RO         4057    i.HAL_UARTEx_RxEventCallback  stm32f4xx_hal_uart.o
    0x0800274c   0x0800274c   0x00000002   Code   RO         4071    i.HAL_UART_ErrorCallback  stm32f4xx_hal_uart.o
    0x0800274e   0x0800274e   0x00000002   PAD
    0x08002750   0x08002750   0x00000268   Code   RO         4074    i.HAL_UART_IRQHandler  stm32f4xx_hal_uart.o
    0x080029b8   0x080029b8   0x00000062   Code   RO         4075    i.HAL_UART_Init     stm32f4xx_hal_uart.o
    0x08002a1a   0x08002a1a   0x00000002   PAD
    0x08002a1c   0x08002a1c   0x00000224   Code   RO          605    i.HAL_UART_MspInit  usart.o
    0x08002c40   0x08002c40   0x0000002a   Code   RO         4080    i.HAL_UART_Receive_IT  stm32f4xx_hal_uart.o
    0x08002c6a   0x08002c6a   0x00000002   PAD
    0x08002c6c   0x08002c6c   0x000000c8   Code   RO         1337    i.HAL_UART_RxCpltCallback  comunication.o
    0x08002d34   0x08002d34   0x00000002   Code   RO         4086    i.HAL_UART_TxCpltCallback  stm32f4xx_hal_uart.o
    0x08002d36   0x08002d36   0x00000002   Code   RO          698    i.HardFault_Handler  stm32f4xx_it.o
    0x08002d38   0x08002d38   0x00000054   Code   RO         1049    i.HomingMode        moto.o
    0x08002d8c   0x08002d8c   0x00000090   Code   RO         1628    i.Larm_down         robot.o
    0x08002e1c   0x08002e1c   0x00000088   Code   RO         1629    i.Larm_down_first   robot.o
    0x08002ea4   0x08002ea4   0x00000078   Code   RO         1630    i.Larm_down_to_home  robot.o
    0x08002f1c   0x08002f1c   0x00000010   Code   RO         1631    i.Larm_home         robot.o
    0x08002f2c   0x08002f2c   0x000000a4   Code   RO         1632    i.Larm_raise        robot.o
    0x08002fd0   0x08002fd0   0x00000018   Code   RO         1633    i.Larm_wait         robot.o
    0x08002fe8   0x08002fe8   0x0000012c   Code   RO         1339    i.Laser_calibration_1  comunication.o
    0x08003114   0x08003114   0x00000048   Code   RO         1634    i.Lclamp_close      robot.o
    0x0800315c   0x0800315c   0x0000005c   Code   RO         1635    i.Lclamp_open       robot.o
    0x080031b8   0x080031b8   0x000000c0   Code   RO         1050    i.M3508AngleIntegral  moto.o
    0x08003278   0x08003278   0x000002fc   Code   RO         1051    i.M3508_Motor_Init  moto.o
    0x08003574   0x08003574   0x00000050   Code   RO          481    i.MX_CAN1_Init      can.o
    0x080035c4   0x080035c4   0x00000048   Code   RO          482    i.MX_CAN2_Init      can.o
    0x0800360c   0x0800360c   0x0000008c   Code   RO          386    i.MX_FREERTOS_Init  freertos.o
    0x08003698   0x08003698   0x00000160   Code   RO          361    i.MX_GPIO_Init      gpio.o
    0x080037f8   0x080037f8   0x00000068   Code   RO          547    i.MX_TIM13_Init     tim.o
    0x08003860   0x08003860   0x00000068   Code   RO          548    i.MX_TIM14_Init     tim.o
    0x080038c8   0x080038c8   0x00000068   Code   RO          549    i.MX_TIM2_Init      tim.o
    0x08003930   0x08003930   0x00000038   Code   RO          606    i.MX_UART4_Init     usart.o
    0x08003968   0x08003968   0x00000038   Code   RO          607    i.MX_UART5_Init     usart.o
    0x080039a0   0x080039a0   0x00000038   Code   RO          608    i.MX_USART1_UART_Init  usart.o
    0x080039d8   0x080039d8   0x00000038   Code   RO          609    i.MX_USART2_UART_Init  usart.o
    0x08003a10   0x08003a10   0x00000038   Code   RO          610    i.MX_USART3_UART_Init  usart.o
    0x08003a48   0x08003a48   0x00000038   Code   RO          611    i.MX_USART6_UART_Init  usart.o
    0x08003a80   0x08003a80   0x00000022   Code   RO         1052    i.MaxMinLimit       moto.o
    0x08003aa2   0x08003aa2   0x00000002   Code   RO          699    i.MemManage_Handler  stm32f4xx_it.o
    0x08003aa4   0x08003aa4   0x00000274   Code   RO         1053    i.MotorCtrl         moto.o
    0x08003d18   0x08003d18   0x000001d4   Code   RO          912    i.Move_Init         movebase.o
    0x08003eec   0x08003eec   0x00000002   Code   RO          700    i.NMI_Handler       stm32f4xx_it.o
    0x08003eee   0x08003eee   0x00000022   Code   RO         1182    i.PID_abs_limit     pid.o
    0x08003f10   0x08003f10   0x000000b8   Code   RO         1183    i.PID_incremental_PID_calculation  pid.o
    0x08003fc8   0x08003fc8   0x0000003c   Code   RO         1185    i.PID_parameter_init  pid.o
    0x08004004   0x08004004   0x000000bc   Code   RO         1186    i.PID_position_PID_calculation  pid.o
    0x080040c0   0x080040c0   0x000000b8   Code   RO         1187    i.PID_position_PID_calculation_by_error  pid.o
    0x08004178   0x08004178   0x00000014   Code   RO          387    i.Robot_state       freertos.o
    0x0800418c   0x0800418c   0x00000214   Code   RO         1584    i.STM32_READ_FROM_ROS  communication_stm32.o
    0x080043a0   0x080043a0   0x00000020   Code   RO          388    i.StartDefaultTask  freertos.o
    0x080043c0   0x080043c0   0x00000008   Code   RO          389    i.StartTask07       freertos.o
    0x080043c8   0x080043c8   0x00000018   Code   RO          701    i.SysTick_Handler   stm32f4xx_it.o
    0x080043e0   0x080043e0   0x00000098   Code   RO          252    i.SystemClock_Config  main.o
    0x08004478   0x08004478   0x00000010   Code   RO         4404    i.SystemInit        system_stm32f4xx.o
    0x08004488   0x08004488   0x0000000c   Code   RO          702    i.TIM2_IRQHandler   stm32f4xx_it.o
    0x08004494   0x08004494   0x000000c8   Code   RO         3168    i.TIM_Base_SetConfig  stm32f4xx_hal_tim.o
    0x0800455c   0x0800455c   0x0000001a   Code   RO         3169    i.TIM_CCxChannelCmd  stm32f4xx_hal_tim.o
    0x08004576   0x08004576   0x00000014   Code   RO         3179    i.TIM_ETR_SetConfig  stm32f4xx_hal_tim.o
    0x0800458a   0x0800458a   0x00000010   Code   RO         3180    i.TIM_ITRx_SetConfig  stm32f4xx_hal_tim.o
    0x0800459a   0x0800459a   0x00000002   PAD
    0x0800459c   0x0800459c   0x00000060   Code   RO         3181    i.TIM_OC1_SetConfig  stm32f4xx_hal_tim.o
    0x080045fc   0x080045fc   0x0000006c   Code   RO         3182    i.TIM_OC2_SetConfig  stm32f4xx_hal_tim.o
    0x08004668   0x08004668   0x00000068   Code   RO         3183    i.TIM_OC3_SetConfig  stm32f4xx_hal_tim.o
    0x080046d0   0x080046d0   0x00000050   Code   RO         3184    i.TIM_OC4_SetConfig  stm32f4xx_hal_tim.o
    0x08004720   0x08004720   0x00000022   Code   RO         3186    i.TIM_TI1_ConfigInputStage  stm32f4xx_hal_tim.o
    0x08004742   0x08004742   0x00000024   Code   RO         3188    i.TIM_TI2_ConfigInputStage  stm32f4xx_hal_tim.o
    0x08004766   0x08004766   0x00000002   PAD
    0x08004768   0x08004768   0x00000188   Code   RO           19    i.U8_update_info    mit.o
    0x080048f0   0x080048f0   0x00000020   Code   RO          703    i.UART4_IRQHandler  stm32f4xx_it.o
    0x08004910   0x08004910   0x0000002c   Code   RO         1340    i.UART4_Send_String  comunication.o
    0x0800493c   0x0800493c   0x00000010   Code   RO         4088    i.UART_DMAAbortOnError  stm32f4xx_hal_uart.o
    0x0800494c   0x0800494c   0x0000004e   Code   RO         4098    i.UART_EndRxTransfer  stm32f4xx_hal_uart.o
    0x0800499a   0x0800499a   0x000000c0   Code   RO         4100    i.UART_Receive_IT   stm32f4xx_hal_uart.o
    0x08004a5a   0x08004a5a   0x00000002   PAD
    0x08004a5c   0x08004a5c   0x0000010c   Code   RO         4101    i.UART_SetConfig    stm32f4xx_hal_uart.o
    0x08004b68   0x08004b68   0x00000036   Code   RO         4103    i.UART_Start_Receive_IT  stm32f4xx_hal_uart.o
    0x08004b9e   0x08004b9e   0x00000002   PAD
    0x08004ba0   0x08004ba0   0x00000020   Code   RO          704    i.USART1_IRQHandler  stm32f4xx_it.o
    0x08004bc0   0x08004bc0   0x00000020   Code   RO          705    i.USART2_IRQHandler  stm32f4xx_it.o
    0x08004be0   0x08004be0   0x00000074   Code   RO         1243    i.Update_Action     calculation.o
    0x08004c54   0x08004c54   0x00000002   Code   RO          706    i.UsageFault_Handler  stm32f4xx_it.o
    0x08004c56   0x08004c56   0x00000002   PAD
    0x08004c58   0x08004c58   0x000000a0   Code   RO         1343    i.Usart4_SendData   comunication.o
    0x08004cf8   0x08004cf8   0x00000014   Code   RO         1056    i.VelCrl            moto.o
    0x08004d0c   0x08004d0c   0x0000000e   Code   RO         1057    i.Vel_TorqueCtrl    moto.o
    0x08004d1a   0x08004d1a   0x00000002   PAD
    0x08004d1c   0x08004d1c   0x000001ec   Code   RO         1058    i.VelocityPlanningMODE  moto.o
    0x08004f08   0x08004f08   0x0000000c   Code   RO         1059    i.Velocity_Planning_setpos  moto.o
    0x08004f14   0x08004f14   0x00000140   Code   RO         1345    i.VisionReceiveData_1  comunication.o
    0x08005054   0x08005054   0x0000009c   Code   RO          916    i.YawAdjust         movebase.o
    0x080050f0   0x080050f0   0x00000030   Code   RO         6315    i.__ARM_fpclassify  m_wm.l(fpclassify.o)
    0x08005120   0x08005120   0x00000020   Code   RO         2698    i.__NVIC_SetPriority  stm32f4xx_hal_cortex.o
    0x08005140   0x08005140   0x000000c8   Code   RO         6184    i.__hardfp_cos      m_wm.l(cos.o)
    0x08005208   0x08005208   0x000000c8   Code   RO         6196    i.__hardfp_sin      m_wm.l(sin.o)
    0x080052d0   0x080052d0   0x0000007a   Code   RO         6208    i.__hardfp_sqrt     m_wm.l(sqrt.o)
    0x0800534a   0x0800534a   0x00000006   PAD
    0x08005350   0x08005350   0x00000438   Code   RO         6260    i.__ieee754_rem_pio2  m_wm.l(rred.o)
    0x08005788   0x08005788   0x00000170   Code   RO         6243    i.__kernel_cos      m_wm.l(cos_i.o)
    0x080058f8   0x080058f8   0x000000f8   Code   RO         6317    i.__kernel_poly     m_wm.l(poly.o)
    0x080059f0   0x080059f0   0x00000130   Code   RO         6265    i.__kernel_sin      m_wm.l(sin_i.o)
    0x08005b20   0x08005b20   0x00000014   Code   RO         6247    i.__mathlib_dbl_infnan  m_wm.l(dunder.o)
    0x08005b34   0x08005b34   0x00000004   PAD
    0x08005b38   0x08005b38   0x00000020   Code   RO         6249    i.__mathlib_dbl_invalid  m_wm.l(dunder.o)
    0x08005b58   0x08005b58   0x00000020   Code   RO         6252    i.__mathlib_dbl_underflow  m_wm.l(dunder.o)
    0x08005b78   0x08005b78   0x0000000e   Code   RO         6329    i.__scatterload_copy  mc_w.l(handlers.o)
    0x08005b86   0x08005b86   0x00000002   Code   RO         6330    i.__scatterload_null  mc_w.l(handlers.o)
    0x08005b88   0x08005b88   0x0000000e   Code   RO         6331    i.__scatterload_zeroinit  mc_w.l(handlers.o)
    0x08005b96   0x08005b96   0x00000002   PAD
    0x08005b98   0x08005b98   0x0000000c   Code   RO         6293    i.__set_errno       mc_w.l(errno.o)
    0x08005ba4   0x08005ba4   0x00000168   Code   RO         1244    i.arm_calculation   calculation.o
    0x08005d0c   0x08005d0c   0x0000003c   Code   RO         1245    i.averageFilter     calculation.o
    0x08005d48   0x08005d48   0x00000240   Code   RO          917    i.chassis_TrapezoidPlaning  movebase.o
    0x08005f88   0x08005f88   0x0000036c   Code   RO          918    i.chassis_TrapezoidPlaning_laser  movebase.o
    0x080062f4   0x080062f4   0x000000c4   Code   RO         1060    i.chassis_m3508_send_motor_currents  moto.o
    0x080063b8   0x080063b8   0x00000060   Code   RO           22    i.ctrl_motor2       mit.o
    0x08006418   0x08006418   0x00000028   Code   RO          390    i.data_update       freertos.o
    0x08006440   0x08006440   0x00000018   Code   RO         6311    i.fabs              m_wm.l(fabs.o)
    0x08006458   0x08006458   0x00000030   Code   RO         1346    i.getCrc8           comunication.o
    0x08006488   0x08006488   0x00000084   Code   RO         1246    i.get_9block        calculation.o
    0x0800650c   0x0800650c   0x00000014   Code   RO         1248    i.m2006_init        calculation.o
    0x08006520   0x08006520   0x000000e4   Code   RO         1062    i.m3508_update_m3508_info  moto.o
    0x08006604   0x08006604   0x000000c8   Code   RO          253    i.main              main.o
    0x080066cc   0x080066cc   0x000000a4   Code   RO         1249    i.mit_calculation   calculation.o
    0x08006770   0x08006770   0x000000d0   Code   RO         1250    i.moto_calculation  calculation.o
    0x08006840   0x08006840   0x0000000c   Code   RO          391    i.motor_control     freertos.o
    0x0800684c   0x0800684c   0x00000550   Code   RO         1521    i.move              fsm.o
    0x08006d9c   0x08006d9c   0x00000110   Code   RO         1522    i.move_FSM          fsm.o
    0x08006eac   0x08006eac   0x00000070   Code   RO          392    i.move_base         freertos.o
    0x08006f1c   0x08006f1c   0x0000001a   Code   RO         5546    i.osDelay           cmsis_os2.o
    0x08006f36   0x08006f36   0x00000002   PAD
    0x08006f38   0x08006f38   0x00000024   Code   RO         5560    i.osKernelInitialize  cmsis_os2.o
    0x08006f5c   0x08006f5c   0x00000038   Code   RO         5563    i.osKernelStart     cmsis_os2.o
    0x08006f94   0x08006f94   0x00000088   Code   RO         5605    i.osThreadNew       cmsis_os2.o
    0x0800701c   0x0800701c   0x0000005c   Code   RO         5006    i.prvAddCurrentTaskToDelayedList  tasks.o
    0x08007078   0x08007078   0x000000d0   Code   RO         5007    i.prvAddNewTaskToReadyList  tasks.o
    0x08007148   0x08007148   0x00000058   Code   RO         5371    i.prvCheckForValidListAndQueue  timers.o
    0x080071a0   0x080071a0   0x00000026   Code   RO         4609    i.prvCopyDataFromQueue  queue.o
    0x080071c6   0x080071c6   0x0000006c   Code   RO         4610    i.prvCopyDataToQueue  queue.o
    0x08007232   0x08007232   0x00000034   Code   RO         5008    i.prvDeleteTCB      tasks.o
    0x08007266   0x08007266   0x00000002   PAD
    0x08007268   0x08007268   0x0000004c   Code   RO         6052    i.prvHeapInit       heap_4.o
    0x080072b4   0x080072b4   0x00000060   Code   RO         5009    i.prvIdleTask       tasks.o
    0x08007314   0x08007314   0x00000022   Code   RO         4612    i.prvInitialiseNewQueue  queue.o
    0x08007336   0x08007336   0x00000002   PAD
    0x08007338   0x08007338   0x000000b0   Code   RO         5010    i.prvInitialiseNewTask  tasks.o
    0x080073e8   0x080073e8   0x0000004c   Code   RO         6053    i.prvInsertBlockIntoFreeList  heap_4.o
    0x08007434   0x08007434   0x00000038   Code   RO         5373    i.prvInsertTimerInActiveList  timers.o
    0x0800746c   0x0800746c   0x0000001c   Code   RO         4613    i.prvIsQueueEmpty   queue.o
    0x08007488   0x08007488   0x000000fc   Code   RO         5374    i.prvProcessReceivedCommands  timers.o
    0x08007584   0x08007584   0x000000c0   Code   RO         5375    i.prvProcessTimerOrBlockTask  timers.o
    0x08007644   0x08007644   0x00000020   Code   RO         5012    i.prvResetNextTaskUnblockTime  tasks.o
    0x08007664   0x08007664   0x00000028   Code   RO         5376    i.prvSampleTimeNow  timers.o
    0x0800768c   0x0800768c   0x0000006c   Code   RO         5377    i.prvSwitchTimerLists  timers.o
    0x080076f8   0x080076f8   0x00000028   Code   RO         6108    i.prvTaskExitError  port.o
    0x08007720   0x08007720   0x00000024   Code   RO         5378    i.prvTimerTask      timers.o
    0x08007744   0x08007744   0x0000006a   Code   RO         4614    i.prvUnlockQueue    queue.o
    0x080077ae   0x080077ae   0x00000002   PAD
    0x080077b0   0x080077b0   0x000000dc   Code   RO         6054    i.pvPortMalloc      heap_4.o
    0x0800788c   0x0800788c   0x0000002c   Code   RO         6109    i.pxPortInitialiseStack  port.o
    0x080078b8   0x080078b8   0x00000030   Code   RO         1586    i.serial_get_crc8_value  communication_stm32.o
    0x080078e8   0x080078e8   0x00000330   Code   RO         1523    i.shoot             fsm.o
    0x08007c18   0x08007c18   0x00000020   Code   RO         1524    i.shoot_FSM         fsm.o
    0x08007c38   0x08007c38   0x0000018c   Code   RO         1251    i.shoot_calculation  calculation.o
    0x08007dc4   0x08007dc4   0x0000014c   Code   RO         1347    i.uart4_ReceiveData  comunication.o
    0x08007f10   0x08007f10   0x00000028   Code   RO           24    i.uint_to_float     mit.o
    0x08007f38   0x08007f38   0x00000026   Code   RO         4569    i.uxListRemove      list.o
    0x08007f5e   0x08007f5e   0x00000002   PAD
    0x08007f60   0x08007f60   0x00000014   Code   RO         5617    i.vApplicationGetIdleTaskMemory  cmsis_os2.o
    0x08007f74   0x08007f74   0x00000018   Code   RO         5618    i.vApplicationGetTimerTaskMemory  cmsis_os2.o
    0x08007f8c   0x08007f8c   0x00000016   Code   RO         4570    i.vListInitialise   list.o
    0x08007fa2   0x08007fa2   0x00000006   Code   RO         4571    i.vListInitialiseItem  list.o
    0x08007fa8   0x08007fa8   0x00000030   Code   RO         4572    i.vListInsert       list.o
    0x08007fd8   0x08007fd8   0x00000018   Code   RO         4573    i.vListInsertEnd    list.o
    0x08007ff0   0x08007ff0   0x00000040   Code   RO         6111    i.vPortEnterCritical  port.o
    0x08008030   0x08008030   0x00000028   Code   RO         6112    i.vPortExitCritical  port.o
    0x08008058   0x08008058   0x00000064   Code   RO         6055    i.vPortFree         heap_4.o
    0x080080bc   0x080080bc   0x00000024   Code   RO         6113    i.vPortSetupTimerInterrupt  port.o
    0x080080e0   0x080080e0   0x00000054   Code   RO         6114    i.vPortValidateInterruptPriority  port.o
    0x08008134   0x08008134   0x00000028   Code   RO         4620    i.vQueueAddToRegistry  queue.o
    0x0800815c   0x0800815c   0x00000044   Code   RO         4624    i.vQueueWaitForMessageRestricted  queue.o
    0x080081a0   0x080081a0   0x0000004c   Code   RO         5025    i.vTaskDelay        tasks.o
    0x080081ec   0x080081ec   0x0000008c   Code   RO         5026    i.vTaskDelayUntil   tasks.o
    0x08008278   0x08008278   0x00000010   Code   RO         5030    i.vTaskInternalSetTimeOutState  tasks.o
    0x08008288   0x08008288   0x0000000c   Code   RO         5031    i.vTaskMissedYield  tasks.o
    0x08008294   0x08008294   0x00000030   Code   RO         5033    i.vTaskPlaceOnEventList  tasks.o
    0x080082c4   0x080082c4   0x00000038   Code   RO         5034    i.vTaskPlaceOnEventListRestricted  tasks.o
    0x080082fc   0x080082fc   0x00000088   Code   RO         5042    i.vTaskStartScheduler  tasks.o
    0x08008384   0x08008384   0x00000010   Code   RO         5044    i.vTaskSuspendAll   tasks.o
    0x08008394   0x08008394   0x00000064   Code   RO         5045    i.vTaskSwitchContext  tasks.o
    0x080083f8   0x080083f8   0x000000f4   Code   RO         6115    i.xPortStartScheduler  port.o
    0x080084ec   0x080084ec   0x0000002c   Code   RO         6116    i.xPortSysTickHandler  port.o
    0x08008518   0x08008518   0x00000066   Code   RO         4630    i.xQueueGenericCreateStatic  queue.o
    0x0800857e   0x0800857e   0x00000002   PAD
    0x08008580   0x08008580   0x00000088   Code   RO         4631    i.xQueueGenericReset  queue.o
    0x08008608   0x08008608   0x00000160   Code   RO         4632    i.xQueueGenericSend  queue.o
    0x08008768   0x08008768   0x000000be   Code   RO         4633    i.xQueueGenericSendFromISR  queue.o
    0x08008826   0x08008826   0x00000002   PAD
    0x08008828   0x08008828   0x00000138   Code   RO         4642    i.xQueueReceive     queue.o
    0x08008960   0x08008960   0x00000074   Code   RO         5047    i.xTaskCheckForTimeOut  tasks.o
    0x080089d4   0x080089d4   0x0000005a   Code   RO         5048    i.xTaskCreate       tasks.o
    0x08008a2e   0x08008a2e   0x00000056   Code   RO         5049    i.xTaskCreateStatic  tasks.o
    0x08008a84   0x08008a84   0x0000001c   Code   RO         5053    i.xTaskGetSchedulerState  tasks.o
    0x08008aa0   0x08008aa0   0x0000000c   Code   RO         5054    i.xTaskGetTickCount  tasks.o
    0x08008aac   0x08008aac   0x000000c8   Code   RO         5056    i.xTaskIncrementTick  tasks.o
    0x08008b74   0x08008b74   0x00000080   Code   RO         5059    i.xTaskPriorityDisinherit  tasks.o
    0x08008bf4   0x08008bf4   0x00000070   Code   RO         5061    i.xTaskRemoveFromEventList  tasks.o
    0x08008c64   0x08008c64   0x000000c4   Code   RO         5062    i.xTaskResumeAll    tasks.o
    0x08008d28   0x08008d28   0x00000060   Code   RO         5387    i.xTimerCreateTimerTask  timers.o
    0x08008d88   0x08008d88   0x00000068   Code   RO         5388    i.xTimerGenericCommand  timers.o
    0x08008df0   0x08008df0   0x000000fc   Data   RO          393    .constdata          freertos.o
    0x08008eec   0x08008eec   0x00000004   Data   RO         1588    .constdata          communication_stm32.o
    0x08008ef0   0x08008ef0   0x00000010   Data   RO         4405    .constdata          system_stm32f4xx.o
    0x08008f00   0x08008f00   0x00000008   Data   RO         4406    .constdata          system_stm32f4xx.o
    0x08008f08   0x08008f08   0x00000030   Data   RO         6244    .constdata          m_wm.l(cos_i.o)
    0x08008f38   0x08008f38   0x000000c8   Data   RO         6262    .constdata          m_wm.l(rred.o)
    0x08009000   0x08009000   0x00000028   Data   RO         6266    .constdata          m_wm.l(sin_i.o)
    0x08009028   0x08009028   0x00000064   Data   RO          394    .conststring        freertos.o
    0x0800908c   0x0800908c   0x00000020   Data   RO         6327    Region$$Table       anon$$obj.o


    Execution Region RW_IRAM2 (Exec base: 0x10000000, Load base: 0x080090cc, Size: 0x00000000, Max: 0x00010000, ABSOLUTE)

    **** No section assigned to this execution region ****


    Execution Region RW_IRAM1 (Exec base: 0x20000000, Load base: 0x080090ac, Size: 0x000062c0, Max: 0x00020000, ABSOLUTE, COMPRESSED[0x00000020])

    Exec Addr    Load Addr    Size         Type   Attr      Idx    E Section Name        Object

    0x20000000   COMPRESSED   0x00000020   Data   RW          395    .data               freertos.o
    0x20000020   COMPRESSED   0x0000001c   Data   RW          484    .data               can.o
    0x2000003c   COMPRESSED   0x00000004   Data   RW          864    .data               hareware.o
    0x20000040   COMPRESSED   0x00000004   Data   RW          865    .data               hareware.o
    0x20000044   COMPRESSED   0x00000004   Data   RW          866    .data               hareware.o
    0x20000048   COMPRESSED   0x00000004   Data   RW          867    .data               hareware.o
    0x2000004c   COMPRESSED   0x00000024   Data   RW          868    .data               hareware.o
    0x20000070   COMPRESSED   0x00000068   Data   RW          923    .data               movebase.o
    0x200000d8   COMPRESSED   0x0000002c   Data   RW         1256    .data               calculation.o
    0x20000104   COMPRESSED   0x00000098   Data   RW         1351    .data               comunication.o
    0x2000019c   COMPRESSED   0x00000020   Data   RW         1528    .data               fsm.o
    0x200001bc   COMPRESSED   0x00000058   Data   RW         1589    .data               communication_stm32.o
    0x20000214   COMPRESSED   0x00000004   Data   RW         1638    .data               robot.o
    0x20000218   COMPRESSED   0x0000000c   Data   RW         2842    .data               stm32f4xx_hal.o
    0x20000224   COMPRESSED   0x00000004   Data   RW         4407    .data               system_stm32f4xx.o
    0x20000228   COMPRESSED   0x0000003c   Data   RW         5065    .data               tasks.o
    0x20000264   COMPRESSED   0x00000014   Data   RW         5396    .data               timers.o
    0x20000278   COMPRESSED   0x00000004   Data   RW         5620    .data               cmsis_os2.o
    0x2000027c   COMPRESSED   0x00000020   Data   RW         6061    .data               heap_4.o
    0x2000029c   COMPRESSED   0x0000000c   Data   RW         6117    .data               port.o
    0x200002a8   COMPRESSED   0x00000004   Data   RW         6294    .data               mc_w.l(errno.o)
    0x200002ac        -       0x00000070   Zero   RW           25    .bss                mit.o
    0x2000031c        -       0x00000068   Zero   RW          483    .bss                can.o
    0x20000384        -       0x000000d8   Zero   RW          550    .bss                tim.o
    0x2000045c        -       0x00000198   Zero   RW          613    .bss                usart.o
    0x200005f4        -       0x00000034   Zero   RW          860    .bss                hareware.o
    0x20000628        -       0x00000010   Zero   RW          861    .bss                hareware.o
    0x20000638        -       0x00000034   Zero   RW          863    .bss                hareware.o
    0x2000066c        -       0x000001f8   Zero   RW          922    .bss                movebase.o
    0x20000864        -       0x000007e0   Zero   RW         1064    .bss                moto.o
    0x20001044        -       0x00000038   Zero   RW         1065    .bss                moto.o
    0x2000107c        -       0x00000038   Zero   RW         1066    .bss                moto.o
    0x200010b4        -       0x00000038   Zero   RW         1067    .bss                moto.o
    0x200010ec        -       0x00000038   Zero   RW         1068    .bss                moto.o
    0x20001124        -       0x000000c8   Zero   RW         1252    .bss                calculation.o
    0x200011ec        -       0x00000042   Zero   RW         1349    .bss                comunication.o
    0x2000122e   COMPRESSED   0x00000002   PAD
    0x20001230        -       0x00000018   Zero   RW         1525    .bss                fsm.o
    0x20001248        -       0x0000000c   Zero   RW         1526    .bss                fsm.o
    0x20001254        -       0x00000398   Zero   RW         1587    .bss                communication_stm32.o
    0x200015ec        -       0x00000040   Zero   RW         4646    .bss                queue.o
    0x2000162c        -       0x000004c4   Zero   RW         5064    .bss                tasks.o
    0x20001af0        -       0x00000118   Zero   RW         5395    .bss                timers.o
    0x20001c08        -       0x000006b8   Zero   RW         5619    .bss                cmsis_os2.o
    0x200022c0        -       0x00003c00   Zero   RW         6060    .bss                heap_4.o
    0x20005ec0        -       0x00000400   Zero   RW            1    STACK               startup_stm32f407xx.o


==============================================================================

Image component sizes


      Code (inc. data)   RO Data    RW Data    ZI Data      Debug   Object Name

      1456        150          0         44        200       8730   calculation.o
       740         62          0         28        104       4179   can.o
       298         22          0          4       1720      64537   cmsis_os2.o
       580         16          4         88        920       6598   communication_stm32.o
      1404        116          0        152         66      11328   comunication.o
         0          0          0          0          0      19468   event_groups.o
       376         74        352         32          0       5942   freertos.o
      2544        384          0         32         36       7682   fsm.o
       352         22          0          0          0       1155   gpio.o
       284         18          0         52        120       5335   hareware.o
       472         24          0         32      15360       4891   heap_4.o
       138          0          0          0          0       3570   list.o
       356         56          0          0          0      13112   main.o
      1030         36          0          0        112     706516   mit.o
      2688        164          0          0       2240      12610   moto.o
      2164        130          0        104        504       9997   movebase.o
       650         20          0          0          0       3854   pid.o
       786         82          0         12          0      11561   port.o
      1514         20          0          0         64      17488   queue.o
       768        218          0          4          0       4776   robot.o
        36          8        392          0       1024        840   startup_stm32f407xx.o
       180         28          0         12          0       9453   stm32f4xx_hal.o
      1638          6          0          0          0      14367   stm32f4xx_hal_can.o
       198         14          0          0          0      33975   stm32f4xx_hal_cortex.o
       182          0          0          0          0       2111   stm32f4xx_hal_dma.o
       540         52          0          0          0       3498   stm32f4xx_hal_gpio.o
        56          4          0          0          0        878   stm32f4xx_hal_msp.o
      1344         72          0          0          0       5268   stm32f4xx_hal_rcc.o
      2020        136          0          0          0      17010   stm32f4xx_hal_tim.o
       148         28          0          0          0       2473   stm32f4xx_hal_tim_ex.o
      1478         16          0          0          0       9986   stm32f4xx_hal_uart.o
       276         84          0          0          0      10198   stm32f4xx_it.o
        16          4         24          4          0       1139   system_stm32f4xx.o
      2224        176          0         60       1220      28190   tasks.o
       532         52          0          0        216       3810   tim.o
       972         80          0         20        280      32219   timers.o
       884         94          0          0        408       5640   usart.o

    ----------------------------------------------------------------------
     31372       2468        804        680      24596    1104384   Object Totals
         0          0         32          0          0          0   (incl. Generated)
        48          0          0          0          2          0   (incl. Padding)

    ----------------------------------------------------------------------

      Code (inc. data)   RO Data    RW Data    ZI Data      Debug   Library Member Name

       200         20          0          0          0        164   cos.o
       368         46         48          0          0        200   cos_i.o
        84         16          0          0          0        372   dunder.o
        24          0          0          0          0        124   fabs.o
        48          0          0          0          0        124   fpclassify.o
       248          0          0          0          0        152   poly.o
      1080        142        200          0          0        188   rred.o
       200         20          0          0          0        164   sin.o
       304         24         40          0          0        208   sin_i.o
       122          0          0          0          0        148   sqrt.o
        58          0          0          0          0          0   __dczerorl.o
         0          0          0          0          0          0   entry.o
         0          0          0          0          0          0   entry10a.o
         0          0          0          0          0          0   entry11a.o
         8          4          0          0          0          0   entry2.o
         4          0          0          0          0          0   entry5.o
         0          0          0          0          0          0   entry7b.o
         0          0          0          0          0          0   entry8b.o
         8          4          0          0          0          0   entry9a.o
        12          6          0          4          0         68   errno.o
        30          0          0          0          0          0   handlers.o
        36          8          0          0          0         68   init.o
         0          0          0          0          0          0   iusefp.o
        30          0          0          0          0         68   llshl.o
        36          0          0          0          0         68   llsshr.o
        32          0          0          0          0         68   llushr.o
        36          0          0          0          0         68   memcpya.o
        36          0          0          0          0        108   memseta.o
        98          0          0          0          0         92   uldiv.o
        56          0          0          0          0         88   d2f.o
       334          0          0          0          0        148   dadd.o
       222          0          0          0          0        100   ddiv.o
       186          0          0          0          0        176   depilogue.o
        62          0          0          0          0         80   dfixi.o
        34          0          0          0          0         76   dflti.o
        26          0          0          0          0         76   dfltui.o
       228          0          0          0          0         96   dmul.o
       162          0          0          0          0        100   dsqrt.o
        38          0          0          0          0         68   f2d.o
       110          0          0          0          0        168   fepilogue.o

    ----------------------------------------------------------------------
      4572        290        288          4          0       3628   Library Totals
        12          0          0          0          0          0   (incl. Padding)

    ----------------------------------------------------------------------

      Code (inc. data)   RO Data    RW Data    ZI Data      Debug   Library Name

      2678        268        288          0          0       1844   m_wm.l
       424         22          0          4          0        608   mc_w.l
      1458          0          0          0          0       1176   mf_w.l

    ----------------------------------------------------------------------
      4572        290        288          4          0       3628   Library Totals

    ----------------------------------------------------------------------

==============================================================================


      Code (inc. data)   RO Data    RW Data    ZI Data      Debug   

     35944       2758       1092        684      24596    1082464   Grand Totals
     35944       2758       1092         32      24596    1082464   ELF Image Totals (compressed)
     35944       2758       1092         32          0          0   ROM Totals

==============================================================================

    Total RO  Size (Code + RO Data)                37036 (  36.17kB)
    Total RW  Size (RW Data + ZI Data)             25280 (  24.69kB)
    Total ROM Size (Code + RO Data + RW Data)      37068 (  36.20kB)

==============================================================================

